CMake Deprecation Warning at C:/Users/LENOVO/AppData/Local/Android/Sdk/ndk/27.1.12297006/build/cmake/android.toolchain.cmake:35 (cmake_minimum_required):
  Compatibility with CMake < 3.10 will be removed from a future version of
  CMake.

  Update the VERSION argument <min> value.  Or, use the <min>...<max> syntax
  to tell CMake that the project requires at least <min> but has been updated
  to work with policies introduced by <max> or earlier.
Call Stack (most recent call first):
  D:/SignBridge/SignBridge-App/.alphabet-tools/executorch-armv8a/host-tools/cmake/data/share/cmake-3.31/Modules/CMakeDetermineSystem.cmake:146 (include)
  CMakeLists.txt:78 (project)


CMake Deprecation Warning at C:/Users/LENOVO/AppData/Local/Android/Sdk/ndk/27.1.12297006/build/cmake/android-legacy.toolchain.cmake:35 (cmake_minimum_required):
  Compatibility with CMake < 3.10 will be removed from a future version of
  CMake.

  Update the VERSION argument <min> value.  Or, use the <min>...<max> syntax
  to tell CMake that the project requires at least <min> but has been updated
  to work with policies introduced by <max> or earlier.
Call Stack (most recent call first):
  C:/Users/LENOVO/AppData/Local/Android/Sdk/ndk/27.1.12297006/build/cmake/android.toolchain.cmake:55 (include)
  D:/SignBridge/SignBridge-App/.alphabet-tools/executorch-armv8a/host-tools/cmake/data/share/cmake-3.31/Modules/CMakeDetermineSystem.cmake:146 (include)
  CMakeLists.txt:78 (project)


CMake Deprecation Warning at C:/Users/LENOVO/AppData/Local/Android/Sdk/ndk/27.1.12297006/build/cmake/android.toolchain.cmake:35 (cmake_minimum_required):
  Compatibility with CMake < 3.10 will be removed from a future version of
  CMake.

  Update the VERSION argument <min> value.  Or, use the <min>...<max> syntax
  to tell CMake that the project requires at least <min> but has been updated
  to work with policies introduced by <max> or earlier.
Call Stack (most recent call first):
  D:/SignBridge/SignBridge-App/.alphabet-tools/executorch-armv8a/build-arm64-v8a/CMakeFiles/3.31.6/CMakeSystem.cmake:6 (include)
  CMakeLists.txt:78 (project)


-- The C compiler identification is Clang 18.0.2
-- The CXX compiler identification is Clang 18.0.2
CMake Deprecation Warning at C:/Users/LENOVO/AppData/Local/Android/Sdk/ndk/27.1.12297006/build/cmake/flags.cmake:18 (cmake_minimum_required):
  Compatibility with CMake < 3.10 will be removed from a future version of
  CMake.

  Update the VERSION argument <min> value.  Or, use the <min>...<max> syntax
  to tell CMake that the project requires at least <min> but has been updated
  to work with policies introduced by <max> or earlier.
Call Stack (most recent call first):
  D:/SignBridge/SignBridge-App/.alphabet-tools/executorch-armv8a/host-tools/cmake/data/share/cmake-3.31/Modules/Platform/Android-Clang.cmake:23 (include)
  D:/SignBridge/SignBridge-App/.alphabet-tools/executorch-armv8a/host-tools/cmake/data/share/cmake-3.31/Modules/Platform/Android-Clang-C.cmake:1 (include)
  D:/SignBridge/SignBridge-App/.alphabet-tools/executorch-armv8a/host-tools/cmake/data/share/cmake-3.31/Modules/CMakeCInformation.cmake:48 (include)
  CMakeLists.txt:78 (project)


-- Detecting C compiler ABI info
CMake Deprecation Warning at C:/Users/LENOVO/AppData/Local/Android/Sdk/ndk/27.1.12297006/build/cmake/android.toolchain.cmake:35 (cmake_minimum_required):
  Compatibility with CMake < 3.10 will be removed from a future version of
  CMake.

  Update the VERSION argument <min> value.  Or, use the <min>...<max> syntax
  to tell CMake that the project requires at least <min> but has been updated
  to work with policies introduced by <max> or earlier.
Call Stack (most recent call first):
  D:/SignBridge/SignBridge-App/.alphabet-tools/executorch-armv8a/build-arm64-v8a/CMakeFiles/3.31.6/CMakeSystem.cmake:6 (include)
  D:/SignBridge/SignBridge-App/.alphabet-tools/executorch-armv8a/build-arm64-v8a/CMakeFiles/CMakeScratch/TryCompile-smww19/CMakeLists.txt:2 (project)


CMake Deprecation Warning at C:/Users/LENOVO/AppData/Local/Android/Sdk/ndk/27.1.12297006/build/cmake/android-legacy.toolchain.cmake:35 (cmake_minimum_required):
  Compatibility with CMake < 3.10 will be removed from a future version of
  CMake.

  Update the VERSION argument <min> value.  Or, use the <min>...<max> syntax
  to tell CMake that the project requires at least <min> but has been updated
  to work with policies introduced by <max> or earlier.
Call Stack (most recent call first):
  C:/Users/LENOVO/AppData/Local/Android/Sdk/ndk/27.1.12297006/build/cmake/android.toolchain.cmake:55 (include)
  D:/SignBridge/SignBridge-App/.alphabet-tools/executorch-armv8a/build-arm64-v8a/CMakeFiles/3.31.6/CMakeSystem.cmake:6 (include)
  D:/SignBridge/SignBridge-App/.alphabet-tools/executorch-armv8a/build-arm64-v8a/CMakeFiles/CMakeScratch/TryCompile-smww19/CMakeLists.txt:2 (project)


CMake Deprecation Warning at C:/Users/LENOVO/AppData/Local/Android/Sdk/ndk/27.1.12297006/build/cmake/flags.cmake:18 (cmake_minimum_required):
  Compatibility with CMake < 3.10 will be removed from a future version of
  CMake.

  Update the VERSION argument <min> value.  Or, use the <min>...<max> syntax
  to tell CMake that the project requires at least <min> but has been updated
  to work with policies introduced by <max> or earlier.
Call Stack (most recent call first):
  D:/SignBridge/SignBridge-App/.alphabet-tools/executorch-armv8a/host-tools/cmake/data/share/cmake-3.31/Modules/Platform/Android-Clang.cmake:23 (include)
  D:/SignBridge/SignBridge-App/.alphabet-tools/executorch-armv8a/host-tools/cmake/data/share/cmake-3.31/Modules/Platform/Android-Clang-C.cmake:1 (include)
  D:/SignBridge/SignBridge-App/.alphabet-tools/executorch-armv8a/host-tools/cmake/data/share/cmake-3.31/Modules/CMakeCInformation.cmake:48 (include)
  D:/SignBridge/SignBridge-App/.alphabet-tools/executorch-armv8a/build-arm64-v8a/CMakeFiles/CMakeScratch/TryCompile-smww19/CMakeLists.txt:2 (project)


-- Detecting C compiler ABI info - done
-- Check for working C compiler: C:/Users/LENOVO/AppData/Local/Android/Sdk/ndk/27.1.12297006/toolchains/llvm/prebuilt/windows-x86_64/bin/clang.exe - skipped
-- Detecting C compile features
-- Detecting C compile features - done
-- Detecting CXX compiler ABI info
CMake Deprecation Warning at C:/Users/LENOVO/AppData/Local/Android/Sdk/ndk/27.1.12297006/build/cmake/android.toolchain.cmake:35 (cmake_minimum_required):
  Compatibility with CMake < 3.10 will be removed from a future version of
  CMake.

  Update the VERSION argument <min> value.  Or, use the <min>...<max> syntax
  to tell CMake that the project requires at least <min> but has been updated
  to work with policies introduced by <max> or earlier.
Call Stack (most recent call first):
  D:/SignBridge/SignBridge-App/.alphabet-tools/executorch-armv8a/build-arm64-v8a/CMakeFiles/3.31.6/CMakeSystem.cmake:6 (include)
  D:/SignBridge/SignBridge-App/.alphabet-tools/executorch-armv8a/build-arm64-v8a/CMakeFiles/CMakeScratch/TryCompile-p77wgr/CMakeLists.txt:2 (project)


CMake Deprecation Warning at C:/Users/LENOVO/AppData/Local/Android/Sdk/ndk/27.1.12297006/build/cmake/android-legacy.toolchain.cmake:35 (cmake_minimum_required):
  Compatibility with CMake < 3.10 will be removed from a future version of
  CMake.

  Update the VERSION argument <min> value.  Or, use the <min>...<max> syntax
  to tell CMake that the project requires at least <min> but has been updated
  to work with policies introduced by <max> or earlier.
Call Stack (most recent call first):
  C:/Users/LENOVO/AppData/Local/Android/Sdk/ndk/27.1.12297006/build/cmake/android.toolchain.cmake:55 (include)
  D:/SignBridge/SignBridge-App/.alphabet-tools/executorch-armv8a/build-arm64-v8a/CMakeFiles/3.31.6/CMakeSystem.cmake:6 (include)
  D:/SignBridge/SignBridge-App/.alphabet-tools/executorch-armv8a/build-arm64-v8a/CMakeFiles/CMakeScratch/TryCompile-p77wgr/CMakeLists.txt:2 (project)


CMake Deprecation Warning at C:/Users/LENOVO/AppData/Local/Android/Sdk/ndk/27.1.12297006/build/cmake/flags.cmake:18 (cmake_minimum_required):
  Compatibility with CMake < 3.10 will be removed from a future version of
  CMake.

  Update the VERSION argument <min> value.  Or, use the <min>...<max> syntax
  to tell CMake that the project requires at least <min> but has been updated
  to work with policies introduced by <max> or earlier.
Call Stack (most recent call first):
  D:/SignBridge/SignBridge-App/.alphabet-tools/executorch-armv8a/host-tools/cmake/data/share/cmake-3.31/Modules/Platform/Android-Clang.cmake:23 (include)
  D:/SignBridge/SignBridge-App/.alphabet-tools/executorch-armv8a/host-tools/cmake/data/share/cmake-3.31/Modules/Platform/Android-Clang-CXX.cmake:1 (include)
  D:/SignBridge/SignBridge-App/.alphabet-tools/executorch-armv8a/host-tools/cmake/data/share/cmake-3.31/Modules/CMakeCXXInformation.cmake:48 (include)
  D:/SignBridge/SignBridge-App/.alphabet-tools/executorch-armv8a/build-arm64-v8a/CMakeFiles/CMakeScratch/TryCompile-p77wgr/CMakeLists.txt:2 (project)


-- Detecting CXX compiler ABI info - done
-- Check for working CXX compiler: C:/Users/LENOVO/AppData/Local/Android/Sdk/ndk/27.1.12297006/toolchains/llvm/prebuilt/windows-x86_64/bin/clang++.exe - skipped
-- Detecting CXX compile features
-- Detecting CXX compile features - done
-- ExecuTorch version: 1.4.0
-- ccache not found, builds will not be cached
-- Using the multi-header code from D:/SignBridge/SignBridge-App/.alphabet-tools/executorch-armv8a/executorch/third-party/json/include/
CMake Deprecation Warning at third-party/gflags/CMakeLists.txt:73 (cmake_minimum_required):
  Compatibility with CMake < 3.10 will be removed from a future version of
  CMake.

  Update the VERSION argument <min> value.  Or, use the <min>...<max> syntax
  to tell CMake that the project requires at least <min> but has been updated
  to work with policies introduced by <max> or earlier.


-- Looking for C++ include unistd.h
CMake Deprecation Warning at C:/Users/LENOVO/AppData/Local/Android/Sdk/ndk/27.1.12297006/build/cmake/android.toolchain.cmake:35 (cmake_minimum_required):
  Compatibility with CMake < 3.10 will be removed from a future version of
  CMake.

  Update the VERSION argument <min> value.  Or, use the <min>...<max> syntax
  to tell CMake that the project requires at least <min> but has been updated
  to work with policies introduced by <max> or earlier.
Call Stack (most recent call first):
  D:/SignBridge/SignBridge-App/.alphabet-tools/executorch-armv8a/build-arm64-v8a/CMakeFiles/3.31.6/CMakeSystem.cmake:6 (include)
  D:/SignBridge/SignBridge-App/.alphabet-tools/executorch-armv8a/build-arm64-v8a/CMakeFiles/CMakeScratch/TryCompile-w3mycx/CMakeLists.txt:4 (project)


CMake Deprecation Warning at C:/Users/LENOVO/AppData/Local/Android/Sdk/ndk/27.1.12297006/build/cmake/android-legacy.toolchain.cmake:35 (cmake_minimum_required):
  Compatibility with CMake < 3.10 will be removed from a future version of
  CMake.

  Update the VERSION argument <min> value.  Or, use the <min>...<max> syntax
  to tell CMake that the project requires at least <min> but has been updated
  to work with policies introduced by <max> or earlier.
Call Stack (most recent call first):
  C:/Users/LENOVO/AppData/Local/Android/Sdk/ndk/27.1.12297006/build/cmake/android.toolchain.cmake:55 (include)
  D:/SignBridge/SignBridge-App/.alphabet-tools/executorch-armv8a/build-arm64-v8a/CMakeFiles/3.31.6/CMakeSystem.cmake:6 (include)
  D:/SignBridge/SignBridge-App/.alphabet-tools/executorch-armv8a/build-arm64-v8a/CMakeFiles/CMakeScratch/TryCompile-w3mycx/CMakeLists.txt:4 (project)


CMake Deprecation Warning at C:/Users/LENOVO/AppData/Local/Android/Sdk/ndk/27.1.12297006/build/cmake/flags.cmake:18 (cmake_minimum_required):
  Compatibility with CMake < 3.10 will be removed from a future version of
  CMake.

  Update the VERSION argument <min> value.  Or, use the <min>...<max> syntax
  to tell CMake that the project requires at least <min> but has been updated
  to work with policies introduced by <max> or earlier.
Call Stack (most recent call first):
  D:/SignBridge/SignBridge-App/.alphabet-tools/executorch-armv8a/host-tools/cmake/data/share/cmake-3.31/Modules/Platform/Android-Clang.cmake:23 (include)
  D:/SignBridge/SignBridge-App/.alphabet-tools/executorch-armv8a/host-tools/cmake/data/share/cmake-3.31/Modules/Platform/Android-Clang-CXX.cmake:1 (include)
  D:/SignBridge/SignBridge-App/.alphabet-tools/executorch-armv8a/host-tools/cmake/data/share/cmake-3.31/Modules/CMakeCXXInformation.cmake:48 (include)
  D:/SignBridge/SignBridge-App/.alphabet-tools/executorch-armv8a/build-arm64-v8a/CMakeFiles/CMakeScratch/TryCompile-w3mycx/CMakeLists.txt:4 (project)


-- Looking for C++ include unistd.h - found
-- Looking for C++ include stdint.h
CMake Deprecation Warning at C:/Users/LENOVO/AppData/Local/Android/Sdk/ndk/27.1.12297006/build/cmake/android.toolchain.cmake:35 (cmake_minimum_required):
  Compatibility with CMake < 3.10 will be removed from a future version of
  CMake.

  Update the VERSION argument <min> value.  Or, use the <min>...<max> syntax
  to tell CMake that the project requires at least <min> but has been updated
  to work with policies introduced by <max> or earlier.
Call Stack (most recent call first):
  D:/SignBridge/SignBridge-App/.alphabet-tools/executorch-armv8a/build-arm64-v8a/CMakeFiles/3.31.6/CMakeSystem.cmake:6 (include)
  D:/SignBridge/SignBridge-App/.alphabet-tools/executorch-armv8a/build-arm64-v8a/CMakeFiles/CMakeScratch/TryCompile-cztk2y/CMakeLists.txt:4 (project)


CMake Deprecation Warning at C:/Users/LENOVO/AppData/Local/Android/Sdk/ndk/27.1.12297006/build/cmake/android-legacy.toolchain.cmake:35 (cmake_minimum_required):
  Compatibility with CMake < 3.10 will be removed from a future version of
  CMake.

  Update the VERSION argument <min> value.  Or, use the <min>...<max> syntax
  to tell CMake that the project requires at least <min> but has been updated
  to work with policies introduced by <max> or earlier.
Call Stack (most recent call first):
  C:/Users/LENOVO/AppData/Local/Android/Sdk/ndk/27.1.12297006/build/cmake/android.toolchain.cmake:55 (include)
  D:/SignBridge/SignBridge-App/.alphabet-tools/executorch-armv8a/build-arm64-v8a/CMakeFiles/3.31.6/CMakeSystem.cmake:6 (include)
  D:/SignBridge/SignBridge-App/.alphabet-tools/executorch-armv8a/build-arm64-v8a/CMakeFiles/CMakeScratch/TryCompile-cztk2y/CMakeLists.txt:4 (project)


CMake Deprecation Warning at C:/Users/LENOVO/AppData/Local/Android/Sdk/ndk/27.1.12297006/build/cmake/flags.cmake:18 (cmake_minimum_required):
  Compatibility with CMake < 3.10 will be removed from a future version of
  CMake.

  Update the VERSION argument <min> value.  Or, use the <min>...<max> syntax
  to tell CMake that the project requires at least <min> but has been updated
  to work with policies introduced by <max> or earlier.
Call Stack (most recent call first):
  D:/SignBridge/SignBridge-App/.alphabet-tools/executorch-armv8a/host-tools/cmake/data/share/cmake-3.31/Modules/Platform/Android-Clang.cmake:23 (include)
  D:/SignBridge/SignBridge-App/.alphabet-tools/executorch-armv8a/host-tools/cmake/data/share/cmake-3.31/Modules/Platform/Android-Clang-CXX.cmake:1 (include)
  D:/SignBridge/SignBridge-App/.alphabet-tools/executorch-armv8a/host-tools/cmake/data/share/cmake-3.31/Modules/CMakeCXXInformation.cmake:48 (include)
  D:/SignBridge/SignBridge-App/.alphabet-tools/executorch-armv8a/build-arm64-v8a/CMakeFiles/CMakeScratch/TryCompile-cztk2y/CMakeLists.txt:4 (project)


-- Looking for C++ include stdint.h - found
-- Looking for C++ include inttypes.h
CMake Deprecation Warning at C:/Users/LENOVO/AppData/Local/Android/Sdk/ndk/27.1.12297006/build/cmake/android.toolchain.cmake:35 (cmake_minimum_required):
  Compatibility with CMake < 3.10 will be removed from a future version of
  CMake.

  Update the VERSION argument <min> value.  Or, use the <min>...<max> syntax
  to tell CMake that the project requires at least <min> but has been updated
  to work with policies introduced by <max> or earlier.
Call Stack (most recent call first):
  D:/SignBridge/SignBridge-App/.alphabet-tools/executorch-armv8a/build-arm64-v8a/CMakeFiles/3.31.6/CMakeSystem.cmake:6 (include)
  D:/SignBridge/SignBridge-App/.alphabet-tools/executorch-armv8a/build-arm64-v8a/CMakeFiles/CMakeScratch/TryCompile-1x51oj/CMakeLists.txt:4 (project)


CMake Deprecation Warning at C:/Users/LENOVO/AppData/Local/Android/Sdk/ndk/27.1.12297006/build/cmake/android-legacy.toolchain.cmake:35 (cmake_minimum_required):
  Compatibility with CMake < 3.10 will be removed from a future version of
  CMake.

  Update the VERSION argument <min> value.  Or, use the <min>...<max> syntax
  to tell CMake that the project requires at least <min> but has been updated
  to work with policies introduced by <max> or earlier.
Call Stack (most recent call first):
  C:/Users/LENOVO/AppData/Local/Android/Sdk/ndk/27.1.12297006/build/cmake/android.toolchain.cmake:55 (include)
  D:/SignBridge/SignBridge-App/.alphabet-tools/executorch-armv8a/build-arm64-v8a/CMakeFiles/3.31.6/CMakeSystem.cmake:6 (include)
  D:/SignBridge/SignBridge-App/.alphabet-tools/executorch-armv8a/build-arm64-v8a/CMakeFiles/CMakeScratch/TryCompile-1x51oj/CMakeLists.txt:4 (project)


CMake Deprecation Warning at C:/Users/LENOVO/AppData/Local/Android/Sdk/ndk/27.1.12297006/build/cmake/flags.cmake:18 (cmake_minimum_required):
  Compatibility with CMake < 3.10 will be removed from a future version of
  CMake.

  Update the VERSION argument <min> value.  Or, use the <min>...<max> syntax
  to tell CMake that the project requires at least <min> but has been updated
  to work with policies introduced by <max> or earlier.
Call Stack (most recent call first):
  D:/SignBridge/SignBridge-App/.alphabet-tools/executorch-armv8a/host-tools/cmake/data/share/cmake-3.31/Modules/Platform/Android-Clang.cmake:23 (include)
  D:/SignBridge/SignBridge-App/.alphabet-tools/executorch-armv8a/host-tools/cmake/data/share/cmake-3.31/Modules/Platform/Android-Clang-CXX.cmake:1 (include)
  D:/SignBridge/SignBridge-App/.alphabet-tools/executorch-armv8a/host-tools/cmake/data/share/cmake-3.31/Modules/CMakeCXXInformation.cmake:48 (include)
  D:/SignBridge/SignBridge-App/.alphabet-tools/executorch-armv8a/build-arm64-v8a/CMakeFiles/CMakeScratch/TryCompile-1x51oj/CMakeLists.txt:4 (project)


-- Looking for C++ include inttypes.h - found
-- Looking for C++ include sys/types.h
CMake Deprecation Warning at C:/Users/LENOVO/AppData/Local/Android/Sdk/ndk/27.1.12297006/build/cmake/android.toolchain.cmake:35 (cmake_minimum_required):
  Compatibility with CMake < 3.10 will be removed from a future version of
  CMake.

  Update the VERSION argument <min> value.  Or, use the <min>...<max> syntax
  to tell CMake that the project requires at least <min> but has been updated
  to work with policies introduced by <max> or earlier.
Call Stack (most recent call first):
  D:/SignBridge/SignBridge-App/.alphabet-tools/executorch-armv8a/build-arm64-v8a/CMakeFiles/3.31.6/CMakeSystem.cmake:6 (include)
  D:/SignBridge/SignBridge-App/.alphabet-tools/executorch-armv8a/build-arm64-v8a/CMakeFiles/CMakeScratch/TryCompile-x4c3ib/CMakeLists.txt:4 (project)


CMake Deprecation Warning at C:/Users/LENOVO/AppData/Local/Android/Sdk/ndk/27.1.12297006/build/cmake/android-legacy.toolchain.cmake:35 (cmake_minimum_required):
  Compatibility with CMake < 3.10 will be removed from a future version of
  CMake.

  Update the VERSION argument <min> value.  Or, use the <min>...<max> syntax
  to tell CMake that the project requires at least <min> but has been updated
  to work with policies introduced by <max> or earlier.
Call Stack (most recent call first):
  C:/Users/LENOVO/AppData/Local/Android/Sdk/ndk/27.1.12297006/build/cmake/android.toolchain.cmake:55 (include)
  D:/SignBridge/SignBridge-App/.alphabet-tools/executorch-armv8a/build-arm64-v8a/CMakeFiles/3.31.6/CMakeSystem.cmake:6 (include)
  D:/SignBridge/SignBridge-App/.alphabet-tools/executorch-armv8a/build-arm64-v8a/CMakeFiles/CMakeScratch/TryCompile-x4c3ib/CMakeLists.txt:4 (project)


CMake Deprecation Warning at C:/Users/LENOVO/AppData/Local/Android/Sdk/ndk/27.1.12297006/build/cmake/flags.cmake:18 (cmake_minimum_required):
  Compatibility with CMake < 3.10 will be removed from a future version of
  CMake.

  Update the VERSION argument <min> value.  Or, use the <min>...<max> syntax
  to tell CMake that the project requires at least <min> but has been updated
  to work with policies introduced by <max> or earlier.
Call Stack (most recent call first):
  D:/SignBridge/SignBridge-App/.alphabet-tools/executorch-armv8a/host-tools/cmake/data/share/cmake-3.31/Modules/Platform/Android-Clang.cmake:23 (include)
  D:/SignBridge/SignBridge-App/.alphabet-tools/executorch-armv8a/host-tools/cmake/data/share/cmake-3.31/Modules/Platform/Android-Clang-CXX.cmake:1 (include)
  D:/SignBridge/SignBridge-App/.alphabet-tools/executorch-armv8a/host-tools/cmake/data/share/cmake-3.31/Modules/CMakeCXXInformation.cmake:48 (include)
  D:/SignBridge/SignBridge-App/.alphabet-tools/executorch-armv8a/build-arm64-v8a/CMakeFiles/CMakeScratch/TryCompile-x4c3ib/CMakeLists.txt:4 (project)


-- Looking for C++ include sys/types.h - found
-- Looking for C++ include sys/stat.h
CMake Deprecation Warning at C:/Users/LENOVO/AppData/Local/Android/Sdk/ndk/27.1.12297006/build/cmake/android.toolchain.cmake:35 (cmake_minimum_required):
  Compatibility with CMake < 3.10 will be removed from a future version of
  CMake.

  Update the VERSION argument <min> value.  Or, use the <min>...<max> syntax
  to tell CMake that the project requires at least <min> but has been updated
  to work with policies introduced by <max> or earlier.
Call Stack (most recent call first):
  D:/SignBridge/SignBridge-App/.alphabet-tools/executorch-armv8a/build-arm64-v8a/CMakeFiles/3.31.6/CMakeSystem.cmake:6 (include)
  D:/SignBridge/SignBridge-App/.alphabet-tools/executorch-armv8a/build-arm64-v8a/CMakeFiles/CMakeScratch/TryCompile-3qf3w1/CMakeLists.txt:4 (project)


CMake Deprecation Warning at C:/Users/LENOVO/AppData/Local/Android/Sdk/ndk/27.1.12297006/build/cmake/android-legacy.toolchain.cmake:35 (cmake_minimum_required):
  Compatibility with CMake < 3.10 will be removed from a future version of
  CMake.

  Update the VERSION argument <min> value.  Or, use the <min>...<max> syntax
  to tell CMake that the project requires at least <min> but has been updated
  to work with policies introduced by <max> or earlier.
Call Stack (most recent call first):
  C:/Users/LENOVO/AppData/Local/Android/Sdk/ndk/27.1.12297006/build/cmake/android.toolchain.cmake:55 (include)
  D:/SignBridge/SignBridge-App/.alphabet-tools/executorch-armv8a/build-arm64-v8a/CMakeFiles/3.31.6/CMakeSystem.cmake:6 (include)
  D:/SignBridge/SignBridge-App/.alphabet-tools/executorch-armv8a/build-arm64-v8a/CMakeFiles/CMakeScratch/TryCompile-3qf3w1/CMakeLists.txt:4 (project)


CMake Deprecation Warning at C:/Users/LENOVO/AppData/Local/Android/Sdk/ndk/27.1.12297006/build/cmake/flags.cmake:18 (cmake_minimum_required):
  Compatibility with CMake < 3.10 will be removed from a future version of
  CMake.

  Update the VERSION argument <min> value.  Or, use the <min>...<max> syntax
  to tell CMake that the project requires at least <min> but has been updated
  to work with policies introduced by <max> or earlier.
Call Stack (most recent call first):
  D:/SignBridge/SignBridge-App/.alphabet-tools/executorch-armv8a/host-tools/cmake/data/share/cmake-3.31/Modules/Platform/Android-Clang.cmake:23 (include)
  D:/SignBridge/SignBridge-App/.alphabet-tools/executorch-armv8a/host-tools/cmake/data/share/cmake-3.31/Modules/Platform/Android-Clang-CXX.cmake:1 (include)
  D:/SignBridge/SignBridge-App/.alphabet-tools/executorch-armv8a/host-tools/cmake/data/share/cmake-3.31/Modules/CMakeCXXInformation.cmake:48 (include)
  D:/SignBridge/SignBridge-App/.alphabet-tools/executorch-armv8a/build-arm64-v8a/CMakeFiles/CMakeScratch/TryCompile-3qf3w1/CMakeLists.txt:4 (project)


-- Looking for C++ include sys/stat.h - found
-- Looking for C++ include fnmatch.h
CMake Deprecation Warning at C:/Users/LENOVO/AppData/Local/Android/Sdk/ndk/27.1.12297006/build/cmake/android.toolchain.cmake:35 (cmake_minimum_required):
  Compatibility with CMake < 3.10 will be removed from a future version of
  CMake.

  Update the VERSION argument <min> value.  Or, use the <min>...<max> syntax
  to tell CMake that the project requires at least <min> but has been updated
  to work with policies introduced by <max> or earlier.
Call Stack (most recent call first):
  D:/SignBridge/SignBridge-App/.alphabet-tools/executorch-armv8a/build-arm64-v8a/CMakeFiles/3.31.6/CMakeSystem.cmake:6 (include)
  D:/SignBridge/SignBridge-App/.alphabet-tools/executorch-armv8a/build-arm64-v8a/CMakeFiles/CMakeScratch/TryCompile-x8vio6/CMakeLists.txt:4 (project)


CMake Deprecation Warning at C:/Users/LENOVO/AppData/Local/Android/Sdk/ndk/27.1.12297006/build/cmake/android-legacy.toolchain.cmake:35 (cmake_minimum_required):
  Compatibility with CMake < 3.10 will be removed from a future version of
  CMake.

  Update the VERSION argument <min> value.  Or, use the <min>...<max> syntax
  to tell CMake that the project requires at least <min> but has been updated
  to work with policies introduced by <max> or earlier.
Call Stack (most recent call first):
  C:/Users/LENOVO/AppData/Local/Android/Sdk/ndk/27.1.12297006/build/cmake/android.toolchain.cmake:55 (include)
  D:/SignBridge/SignBridge-App/.alphabet-tools/executorch-armv8a/build-arm64-v8a/CMakeFiles/3.31.6/CMakeSystem.cmake:6 (include)
  D:/SignBridge/SignBridge-App/.alphabet-tools/executorch-armv8a/build-arm64-v8a/CMakeFiles/CMakeScratch/TryCompile-x8vio6/CMakeLists.txt:4 (project)


CMake Deprecation Warning at C:/Users/LENOVO/AppData/Local/Android/Sdk/ndk/27.1.12297006/build/cmake/flags.cmake:18 (cmake_minimum_required):
  Compatibility with CMake < 3.10 will be removed from a future version of
  CMake.

  Update the VERSION argument <min> value.  Or, use the <min>...<max> syntax
  to tell CMake that the project requires at least <min> but has been updated
  to work with policies introduced by <max> or earlier.
Call Stack (most recent call first):
  D:/SignBridge/SignBridge-App/.alphabet-tools/executorch-armv8a/host-tools/cmake/data/share/cmake-3.31/Modules/Platform/Android-Clang.cmake:23 (include)
  D:/SignBridge/SignBridge-App/.alphabet-tools/executorch-armv8a/host-tools/cmake/data/share/cmake-3.31/Modules/Platform/Android-Clang-CXX.cmake:1 (include)
  D:/SignBridge/SignBridge-App/.alphabet-tools/executorch-armv8a/host-tools/cmake/data/share/cmake-3.31/Modules/CMakeCXXInformation.cmake:48 (include)
  D:/SignBridge/SignBridge-App/.alphabet-tools/executorch-armv8a/build-arm64-v8a/CMakeFiles/CMakeScratch/TryCompile-x8vio6/CMakeLists.txt:4 (project)


-- Looking for C++ include fnmatch.h - found
-- Looking for C++ include stddef.h
CMake Deprecation Warning at C:/Users/LENOVO/AppData/Local/Android/Sdk/ndk/27.1.12297006/build/cmake/android.toolchain.cmake:35 (cmake_minimum_required):
  Compatibility with CMake < 3.10 will be removed from a future version of
  CMake.

  Update the VERSION argument <min> value.  Or, use the <min>...<max> syntax
  to tell CMake that the project requires at least <min> but has been updated
  to work with policies introduced by <max> or earlier.
Call Stack (most recent call first):
  D:/SignBridge/SignBridge-App/.alphabet-tools/executorch-armv8a/build-arm64-v8a/CMakeFiles/3.31.6/CMakeSystem.cmake:6 (include)
  D:/SignBridge/SignBridge-App/.alphabet-tools/executorch-armv8a/build-arm64-v8a/CMakeFiles/CMakeScratch/TryCompile-u773n3/CMakeLists.txt:4 (project)


CMake Deprecation Warning at C:/Users/LENOVO/AppData/Local/Android/Sdk/ndk/27.1.12297006/build/cmake/android-legacy.toolchain.cmake:35 (cmake_minimum_required):
  Compatibility with CMake < 3.10 will be removed from a future version of
  CMake.

  Update the VERSION argument <min> value.  Or, use the <min>...<max> syntax
  to tell CMake that the project requires at least <min> but has been updated
  to work with policies introduced by <max> or earlier.
Call Stack (most recent call first):
  C:/Users/LENOVO/AppData/Local/Android/Sdk/ndk/27.1.12297006/build/cmake/android.toolchain.cmake:55 (include)
  D:/SignBridge/SignBridge-App/.alphabet-tools/executorch-armv8a/build-arm64-v8a/CMakeFiles/3.31.6/CMakeSystem.cmake:6 (include)
  D:/SignBridge/SignBridge-App/.alphabet-tools/executorch-armv8a/build-arm64-v8a/CMakeFiles/CMakeScratch/TryCompile-u773n3/CMakeLists.txt:4 (project)


CMake Deprecation Warning at C:/Users/LENOVO/AppData/Local/Android/Sdk/ndk/27.1.12297006/build/cmake/flags.cmake:18 (cmake_minimum_required):
  Compatibility with CMake < 3.10 will be removed from a future version of
  CMake.

  Update the VERSION argument <min> value.  Or, use the <min>...<max> syntax
  to tell CMake that the project requires at least <min> but has been updated
  to work with policies introduced by <max> or earlier.
Call Stack (most recent call first):
  D:/SignBridge/SignBridge-App/.alphabet-tools/executorch-armv8a/host-tools/cmake/data/share/cmake-3.31/Modules/Platform/Android-Clang.cmake:23 (include)
  D:/SignBridge/SignBridge-App/.alphabet-tools/executorch-armv8a/host-tools/cmake/data/share/cmake-3.31/Modules/Platform/Android-Clang-CXX.cmake:1 (include)
  D:/SignBridge/SignBridge-App/.alphabet-tools/executorch-armv8a/host-tools/cmake/data/share/cmake-3.31/Modules/CMakeCXXInformation.cmake:48 (include)
  D:/SignBridge/SignBridge-App/.alphabet-tools/executorch-armv8a/build-arm64-v8a/CMakeFiles/CMakeScratch/TryCompile-u773n3/CMakeLists.txt:4 (project)


-- Looking for C++ include stddef.h - found
-- Check size of uint32_t
CMake Deprecation Warning at C:/Users/LENOVO/AppData/Local/Android/Sdk/ndk/27.1.12297006/build/cmake/android.toolchain.cmake:35 (cmake_minimum_required):
  Compatibility with CMake < 3.10 will be removed from a future version of
  CMake.

  Update the VERSION argument <min> value.  Or, use the <min>...<max> syntax
  to tell CMake that the project requires at least <min> but has been updated
  to work with policies introduced by <max> or earlier.
Call Stack (most recent call first):
  D:/SignBridge/SignBridge-App/.alphabet-tools/executorch-armv8a/build-arm64-v8a/CMakeFiles/3.31.6/CMakeSystem.cmake:6 (include)
  D:/SignBridge/SignBridge-App/.alphabet-tools/executorch-armv8a/build-arm64-v8a/CMakeFiles/CMakeScratch/TryCompile-986g5h/CMakeLists.txt:4 (project)


CMake Deprecation Warning at C:/Users/LENOVO/AppData/Local/Android/Sdk/ndk/27.1.12297006/build/cmake/android-legacy.toolchain.cmake:35 (cmake_minimum_required):
  Compatibility with CMake < 3.10 will be removed from a future version of
  CMake.

  Update the VERSION argument <min> value.  Or, use the <min>...<max> syntax
  to tell CMake that the project requires at least <min> but has been updated
  to work with policies introduced by <max> or earlier.
Call Stack (most recent call first):
  C:/Users/LENOVO/AppData/Local/Android/Sdk/ndk/27.1.12297006/build/cmake/android.toolchain.cmake:55 (include)
  D:/SignBridge/SignBridge-App/.alphabet-tools/executorch-armv8a/build-arm64-v8a/CMakeFiles/3.31.6/CMakeSystem.cmake:6 (include)
  D:/SignBridge/SignBridge-App/.alphabet-tools/executorch-armv8a/build-arm64-v8a/CMakeFiles/CMakeScratch/TryCompile-986g5h/CMakeLists.txt:4 (project)


CMake Deprecation Warning at C:/Users/LENOVO/AppData/Local/Android/Sdk/ndk/27.1.12297006/build/cmake/flags.cmake:18 (cmake_minimum_required):
  Compatibility with CMake < 3.10 will be removed from a future version of
  CMake.

  Update the VERSION argument <min> value.  Or, use the <min>...<max> syntax
  to tell CMake that the project requires at least <min> but has been updated
  to work with policies introduced by <max> or earlier.
Call Stack (most recent call first):
  D:/SignBridge/SignBridge-App/.alphabet-tools/executorch-armv8a/host-tools/cmake/data/share/cmake-3.31/Modules/Platform/Android-Clang.cmake:23 (include)
  D:/SignBridge/SignBridge-App/.alphabet-tools/executorch-armv8a/host-tools/cmake/data/share/cmake-3.31/Modules/Platform/Android-Clang-CXX.cmake:1 (include)
  D:/SignBridge/SignBridge-App/.alphabet-tools/executorch-armv8a/host-tools/cmake/data/share/cmake-3.31/Modules/CMakeCXXInformation.cmake:48 (include)
  D:/SignBridge/SignBridge-App/.alphabet-tools/executorch-armv8a/build-arm64-v8a/CMakeFiles/CMakeScratch/TryCompile-986g5h/CMakeLists.txt:4 (project)


-- Check size of uint32_t - done
-- Looking for strtoll
CMake Deprecation Warning at C:/Users/LENOVO/AppData/Local/Android/Sdk/ndk/27.1.12297006/build/cmake/android.toolchain.cmake:35 (cmake_minimum_required):
  Compatibility with CMake < 3.10 will be removed from a future version of
  CMake.

  Update the VERSION argument <min> value.  Or, use the <min>...<max> syntax
  to tell CMake that the project requires at least <min> but has been updated
  to work with policies introduced by <max> or earlier.
Call Stack (most recent call first):
  D:/SignBridge/SignBridge-App/.alphabet-tools/executorch-armv8a/build-arm64-v8a/CMakeFiles/3.31.6/CMakeSystem.cmake:6 (include)
  D:/SignBridge/SignBridge-App/.alphabet-tools/executorch-armv8a/build-arm64-v8a/CMakeFiles/CMakeScratch/TryCompile-ioiutn/CMakeLists.txt:4 (project)


CMake Deprecation Warning at C:/Users/LENOVO/AppData/Local/Android/Sdk/ndk/27.1.12297006/build/cmake/android-legacy.toolchain.cmake:35 (cmake_minimum_required):
  Compatibility with CMake < 3.10 will be removed from a future version of
  CMake.

  Update the VERSION argument <min> value.  Or, use the <min>...<max> syntax
  to tell CMake that the project requires at least <min> but has been updated
  to work with policies introduced by <max> or earlier.
Call Stack (most recent call first):
  C:/Users/LENOVO/AppData/Local/Android/Sdk/ndk/27.1.12297006/build/cmake/android.toolchain.cmake:55 (include)
  D:/SignBridge/SignBridge-App/.alphabet-tools/executorch-armv8a/build-arm64-v8a/CMakeFiles/3.31.6/CMakeSystem.cmake:6 (include)
  D:/SignBridge/SignBridge-App/.alphabet-tools/executorch-armv8a/build-arm64-v8a/CMakeFiles/CMakeScratch/TryCompile-ioiutn/CMakeLists.txt:4 (project)


CMake Deprecation Warning at C:/Users/LENOVO/AppData/Local/Android/Sdk/ndk/27.1.12297006/build/cmake/flags.cmake:18 (cmake_minimum_required):
  Compatibility with CMake < 3.10 will be removed from a future version of
  CMake.

  Update the VERSION argument <min> value.  Or, use the <min>...<max> syntax
  to tell CMake that the project requires at least <min> but has been updated
  to work with policies introduced by <max> or earlier.
Call Stack (most recent call first):
  D:/SignBridge/SignBridge-App/.alphabet-tools/executorch-armv8a/host-tools/cmake/data/share/cmake-3.31/Modules/Platform/Android-Clang.cmake:23 (include)
  D:/SignBridge/SignBridge-App/.alphabet-tools/executorch-armv8a/host-tools/cmake/data/share/cmake-3.31/Modules/Platform/Android-Clang-CXX.cmake:1 (include)
  D:/SignBridge/SignBridge-App/.alphabet-tools/executorch-armv8a/host-tools/cmake/data/share/cmake-3.31/Modules/CMakeCXXInformation.cmake:48 (include)
  D:/SignBridge/SignBridge-App/.alphabet-tools/executorch-armv8a/build-arm64-v8a/CMakeFiles/CMakeScratch/TryCompile-ioiutn/CMakeLists.txt:4 (project)


-- Looking for strtoll - found
CMake Deprecation Warning at third-party/flatcc/CMakeLists.txt:2 (cmake_minimum_required):
  Compatibility with CMake < 3.10 will be removed from a future version of
  CMake.

  Update the VERSION argument <min> value.  Or, use the <min>...<max> syntax
  to tell CMake that the project requires at least <min> but has been updated
  to work with policies introduced by <max> or earlier.


CMake Warning (dev) at third-party/flatcc/CMakeLists.txt:32 (project):
  Policy CMP0048 is not set: project() command manages VERSION variables.
  Run "cmake --help-policy CMP0048" for policy details.  Use the cmake_policy
  command to set the policy and suppress this warning.

  The following variable(s) would be set to empty:

    PROJECT_VERSION
    PROJECT_VERSION_MAJOR
    PROJECT_VERSION_MINOR
    PROJECT_VERSION_PATCH
This warning is for project developers.  Use -Wno-dev to suppress it.

-- dist install dir D:/SignBridge/SignBridge-App/.alphabet-tools/executorch-armv8a/executorch/third-party/flatcc
-- lib install dir D:/SignBridge/SignBridge-App/.alphabet-tools/executorch-armv8a/executorch/third-party/flatcc/lib
-- Setting Clang compiler options
-- Configured C_FLAGS: -g -DANDROID -fdata-sections -ffunction-sections -funwind-tables -fstack-protector-strong -no-canonical-prefixes -D_FORTIFY_SOURCE=2 -Wformat -Werror=format-security -march=armv8-a -mno-outline-atomics -DFLATCC_REFLECTION=0 -Wstrict-prototypes -Wsign-conversion -Wconversion -std=c11 -pedantic -Wall -Wextra
CMake Deprecation Warning at backends/xnnpack/third-party/FXdiv/CMakeLists.txt:1 (CMAKE_MINIMUM_REQUIRED):
  Compatibility with CMake < 3.10 will be removed from a future version of
  CMake.

  Update the VERSION argument <min> value.  Or, use the <min>...<max> syntax
  to tell CMake that the project requires at least <min> but has been updated
  to work with policies introduced by <max> or earlier.


-- Performing Test CMAKE_HAVE_LIBC_PTHREAD
CMake Deprecation Warning at C:/Users/LENOVO/AppData/Local/Android/Sdk/ndk/27.1.12297006/build/cmake/android.toolchain.cmake:35 (cmake_minimum_required):
  Compatibility with CMake < 3.10 will be removed from a future version of
  CMake.

  Update the VERSION argument <min> value.  Or, use the <min>...<max> syntax
  to tell CMake that the project requires at least <min> but has been updated
  to work with policies introduced by <max> or earlier.
Call Stack (most recent call first):
  D:/SignBridge/SignBridge-App/.alphabet-tools/executorch-armv8a/build-arm64-v8a/CMakeFiles/3.31.6/CMakeSystem.cmake:6 (include)
  D:/SignBridge/SignBridge-App/.alphabet-tools/executorch-armv8a/build-arm64-v8a/CMakeFiles/CMakeScratch/TryCompile-31ciek/CMakeLists.txt:4 (project)


CMake Deprecation Warning at C:/Users/LENOVO/AppData/Local/Android/Sdk/ndk/27.1.12297006/build/cmake/android-legacy.toolchain.cmake:35 (cmake_minimum_required):
  Compatibility with CMake < 3.10 will be removed from a future version of
  CMake.

  Update the VERSION argument <min> value.  Or, use the <min>...<max> syntax
  to tell CMake that the project requires at least <min> but has been updated
  to work with policies introduced by <max> or earlier.
Call Stack (most recent call first):
  C:/Users/LENOVO/AppData/Local/Android/Sdk/ndk/27.1.12297006/build/cmake/android.toolchain.cmake:55 (include)
  D:/SignBridge/SignBridge-App/.alphabet-tools/executorch-armv8a/build-arm64-v8a/CMakeFiles/3.31.6/CMakeSystem.cmake:6 (include)
  D:/SignBridge/SignBridge-App/.alphabet-tools/executorch-armv8a/build-arm64-v8a/CMakeFiles/CMakeScratch/TryCompile-31ciek/CMakeLists.txt:4 (project)


CMake Deprecation Warning at C:/Users/LENOVO/AppData/Local/Android/Sdk/ndk/27.1.12297006/build/cmake/flags.cmake:18 (cmake_minimum_required):
  Compatibility with CMake < 3.10 will be removed from a future version of
  CMake.

  Update the VERSION argument <min> value.  Or, use the <min>...<max> syntax
  to tell CMake that the project requires at least <min> but has been updated
  to work with policies introduced by <max> or earlier.
Call Stack (most recent call first):
  D:/SignBridge/SignBridge-App/.alphabet-tools/executorch-armv8a/host-tools/cmake/data/share/cmake-3.31/Modules/Platform/Android-Clang.cmake:23 (include)
  D:/SignBridge/SignBridge-App/.alphabet-tools/executorch-armv8a/host-tools/cmake/data/share/cmake-3.31/Modules/Platform/Android-Clang-C.cmake:1 (include)
  D:/SignBridge/SignBridge-App/.alphabet-tools/executorch-armv8a/host-tools/cmake/data/share/cmake-3.31/Modules/CMakeCInformation.cmake:48 (include)
  D:/SignBridge/SignBridge-App/.alphabet-tools/executorch-armv8a/build-arm64-v8a/CMakeFiles/CMakeScratch/TryCompile-31ciek/CMakeLists.txt:4 (project)


-- Performing Test CMAKE_HAVE_LIBC_PTHREAD - Failed
-- Check if compiler accepts -pthread
CMake Deprecation Warning at C:/Users/LENOVO/AppData/Local/Android/Sdk/ndk/27.1.12297006/build/cmake/android.toolchain.cmake:35 (cmake_minimum_required):
  Compatibility with CMake < 3.10 will be removed from a future version of
  CMake.

  Update the VERSION argument <min> value.  Or, use the <min>...<max> syntax
  to tell CMake that the project requires at least <min> but has been updated
  to work with policies introduced by <max> or earlier.
Call Stack (most recent call first):
  D:/SignBridge/SignBridge-App/.alphabet-tools/executorch-armv8a/build-arm64-v8a/CMakeFiles/3.31.6/CMakeSystem.cmake:6 (include)
  D:/SignBridge/SignBridge-App/.alphabet-tools/executorch-armv8a/build-arm64-v8a/CMakeFiles/CMakeScratch/TryCompile-eknt52/CMakeLists.txt:4 (project)


CMake Deprecation Warning at C:/Users/LENOVO/AppData/Local/Android/Sdk/ndk/27.1.12297006/build/cmake/android-legacy.toolchain.cmake:35 (cmake_minimum_required):
  Compatibility with CMake < 3.10 will be removed from a future version of
  CMake.

  Update the VERSION argument <min> value.  Or, use the <min>...<max> syntax
  to tell CMake that the project requires at least <min> but has been updated
  to work with policies introduced by <max> or earlier.
Call Stack (most recent call first):
  C:/Users/LENOVO/AppData/Local/Android/Sdk/ndk/27.1.12297006/build/cmake/android.toolchain.cmake:55 (include)
  D:/SignBridge/SignBridge-App/.alphabet-tools/executorch-armv8a/build-arm64-v8a/CMakeFiles/3.31.6/CMakeSystem.cmake:6 (include)
  D:/SignBridge/SignBridge-App/.alphabet-tools/executorch-armv8a/build-arm64-v8a/CMakeFiles/CMakeScratch/TryCompile-eknt52/CMakeLists.txt:4 (project)


CMake Deprecation Warning at C:/Users/LENOVO/AppData/Local/Android/Sdk/ndk/27.1.12297006/build/cmake/flags.cmake:18 (cmake_minimum_required):
  Compatibility with CMake < 3.10 will be removed from a future version of
  CMake.

  Update the VERSION argument <min> value.  Or, use the <min>...<max> syntax
  to tell CMake that the project requires at least <min> but has been updated
  to work with policies introduced by <max> or earlier.
Call Stack (most recent call first):
  D:/SignBridge/SignBridge-App/.alphabet-tools/executorch-armv8a/host-tools/cmake/data/share/cmake-3.31/Modules/Platform/Android-Clang.cmake:23 (include)
  D:/SignBridge/SignBridge-App/.alphabet-tools/executorch-armv8a/host-tools/cmake/data/share/cmake-3.31/Modules/Platform/Android-Clang-C.cmake:1 (include)
  D:/SignBridge/SignBridge-App/.alphabet-tools/executorch-armv8a/host-tools/cmake/data/share/cmake-3.31/Modules/CMakeCInformation.cmake:48 (include)
  D:/SignBridge/SignBridge-App/.alphabet-tools/executorch-armv8a/build-arm64-v8a/CMakeFiles/CMakeScratch/TryCompile-eknt52/CMakeLists.txt:4 (project)


-- Check if compiler accepts -pthread - yes
-- Found Threads: TRUE
CMake Deprecation Warning at backends/xnnpack/third-party/pthreadpool/CMakeLists.txt:10 (CMAKE_MINIMUM_REQUIRED):
  Compatibility with CMake < 3.10 will be removed from a future version of
  CMake.

  Update the VERSION argument <min> value.  Or, use the <min>...<max> syntax
  to tell CMake that the project requires at least <min> but has been updated
  to work with policies introduced by <max> or earlier.


-- Looking for pthread_create in pthreads
CMake Deprecation Warning at C:/Users/LENOVO/AppData/Local/Android/Sdk/ndk/27.1.12297006/build/cmake/android.toolchain.cmake:35 (cmake_minimum_required):
  Compatibility with CMake < 3.10 will be removed from a future version of
  CMake.

  Update the VERSION argument <min> value.  Or, use the <min>...<max> syntax
  to tell CMake that the project requires at least <min> but has been updated
  to work with policies introduced by <max> or earlier.
Call Stack (most recent call first):
  D:/SignBridge/SignBridge-App/.alphabet-tools/executorch-armv8a/build-arm64-v8a/CMakeFiles/3.31.6/CMakeSystem.cmake:6 (include)
  D:/SignBridge/SignBridge-App/.alphabet-tools/executorch-armv8a/build-arm64-v8a/CMakeFiles/CMakeScratch/TryCompile-t8yn36/CMakeLists.txt:4 (project)


CMake Deprecation Warning at C:/Users/LENOVO/AppData/Local/Android/Sdk/ndk/27.1.12297006/build/cmake/android-legacy.toolchain.cmake:35 (cmake_minimum_required):
  Compatibility with CMake < 3.10 will be removed from a future version of
  CMake.

  Update the VERSION argument <min> value.  Or, use the <min>...<max> syntax
  to tell CMake that the project requires at least <min> but has been updated
  to work with policies introduced by <max> or earlier.
Call Stack (most recent call first):
  C:/Users/LENOVO/AppData/Local/Android/Sdk/ndk/27.1.12297006/build/cmake/android.toolchain.cmake:55 (include)
  D:/SignBridge/SignBridge-App/.alphabet-tools/executorch-armv8a/build-arm64-v8a/CMakeFiles/3.31.6/CMakeSystem.cmake:6 (include)
  D:/SignBridge/SignBridge-App/.alphabet-tools/executorch-armv8a/build-arm64-v8a/CMakeFiles/CMakeScratch/TryCompile-t8yn36/CMakeLists.txt:4 (project)


CMake Deprecation Warning at C:/Users/LENOVO/AppData/Local/Android/Sdk/ndk/27.1.12297006/build/cmake/flags.cmake:18 (cmake_minimum_required):
  Compatibility with CMake < 3.10 will be removed from a future version of
  CMake.

  Update the VERSION argument <min> value.  Or, use the <min>...<max> syntax
  to tell CMake that the project requires at least <min> but has been updated
  to work with policies introduced by <max> or earlier.
Call Stack (most recent call first):
  D:/SignBridge/SignBridge-App/.alphabet-tools/executorch-armv8a/host-tools/cmake/data/share/cmake-3.31/Modules/Platform/Android-Clang.cmake:23 (include)
  D:/SignBridge/SignBridge-App/.alphabet-tools/executorch-armv8a/host-tools/cmake/data/share/cmake-3.31/Modules/Platform/Android-Clang-C.cmake:1 (include)
  D:/SignBridge/SignBridge-App/.alphabet-tools/executorch-armv8a/host-tools/cmake/data/share/cmake-3.31/Modules/CMakeCInformation.cmake:48 (include)
  D:/SignBridge/SignBridge-App/.alphabet-tools/executorch-armv8a/build-arm64-v8a/CMakeFiles/CMakeScratch/TryCompile-t8yn36/CMakeLists.txt:4 (project)


-- Looking for pthread_create in pthreads - not found
-- Looking for pthread_create in pthread
CMake Deprecation Warning at C:/Users/LENOVO/AppData/Local/Android/Sdk/ndk/27.1.12297006/build/cmake/android.toolchain.cmake:35 (cmake_minimum_required):
  Compatibility with CMake < 3.10 will be removed from a future version of
  CMake.

  Update the VERSION argument <min> value.  Or, use the <min>...<max> syntax
  to tell CMake that the project requires at least <min> but has been updated
  to work with policies introduced by <max> or earlier.
Call Stack (most recent call first):
  D:/SignBridge/SignBridge-App/.alphabet-tools/executorch-armv8a/build-arm64-v8a/CMakeFiles/3.31.6/CMakeSystem.cmake:6 (include)
  D:/SignBridge/SignBridge-App/.alphabet-tools/executorch-armv8a/build-arm64-v8a/CMakeFiles/CMakeScratch/TryCompile-wve410/CMakeLists.txt:4 (project)


CMake Deprecation Warning at C:/Users/LENOVO/AppData/Local/Android/Sdk/ndk/27.1.12297006/build/cmake/android-legacy.toolchain.cmake:35 (cmake_minimum_required):
  Compatibility with CMake < 3.10 will be removed from a future version of
  CMake.

  Update the VERSION argument <min> value.  Or, use the <min>...<max> syntax
  to tell CMake that the project requires at least <min> but has been updated
  to work with policies introduced by <max> or earlier.
Call Stack (most recent call first):
  C:/Users/LENOVO/AppData/Local/Android/Sdk/ndk/27.1.12297006/build/cmake/android.toolchain.cmake:55 (include)
  D:/SignBridge/SignBridge-App/.alphabet-tools/executorch-armv8a/build-arm64-v8a/CMakeFiles/3.31.6/CMakeSystem.cmake:6 (include)
  D:/SignBridge/SignBridge-App/.alphabet-tools/executorch-armv8a/build-arm64-v8a/CMakeFiles/CMakeScratch/TryCompile-wve410/CMakeLists.txt:4 (project)


CMake Deprecation Warning at C:/Users/LENOVO/AppData/Local/Android/Sdk/ndk/27.1.12297006/build/cmake/flags.cmake:18 (cmake_minimum_required):
  Compatibility with CMake < 3.10 will be removed from a future version of
  CMake.

  Update the VERSION argument <min> value.  Or, use the <min>...<max> syntax
  to tell CMake that the project requires at least <min> but has been updated
  to work with policies introduced by <max> or earlier.
Call Stack (most recent call first):
  D:/SignBridge/SignBridge-App/.alphabet-tools/executorch-armv8a/host-tools/cmake/data/share/cmake-3.31/Modules/Platform/Android-Clang.cmake:23 (include)
  D:/SignBridge/SignBridge-App/.alphabet-tools/executorch-armv8a/host-tools/cmake/data/share/cmake-3.31/Modules/Platform/Android-Clang-C.cmake:1 (include)
  D:/SignBridge/SignBridge-App/.alphabet-tools/executorch-armv8a/host-tools/cmake/data/share/cmake-3.31/Modules/CMakeCInformation.cmake:48 (include)
  D:/SignBridge/SignBridge-App/.alphabet-tools/executorch-armv8a/build-arm64-v8a/CMakeFiles/CMakeScratch/TryCompile-wve410/CMakeLists.txt:4 (project)


-- Looking for pthread_create in pthread - not found
-- Generating selected operator lib:
--   LIB_NAME: portable_ops_lib
--   OPS_SCHEMA_YAML: D:/SignBridge/SignBridge-App/.alphabet-tools/executorch-armv8a/executorch/kernels/portable/functions.yaml
--   ROOT_OPS: 
--   INCLUDE_ALL_OPS: 
--   OPS_FROM_MODEL: 
--   DTYPE_SELECTIVE_BUILD: 
Command - D:/SignBridge/SignBridge-App/.alphabet-tools/executorch-armv8a/venv/Scripts/python.exe;-m;codegen.tools.gen_oplist;--output_path=D:/SignBridge/SignBridge-App/.alphabet-tools/executorch-armv8a/build-arm64-v8a/kernels/portable/portable_ops_lib/selected_operators.yaml;--ops_schema_yaml_path="D:/SignBridge/SignBridge-App/.alphabet-tools/executorch-armv8a/executorch/kernels/portable/functions.yaml"
-- Generating kernel bindings:
--   LIB_NAME: portable_ops_lib
--   FUNCTIONS_YAML: D:/SignBridge/SignBridge-App/.alphabet-tools/executorch-armv8a/executorch/kernels/portable/functions.yaml
--   CUSTOM_OPS_YAML: 
--   ADD_EXCEPTION_BOUNDARY: FALSE
--   DTYPE_SELECTIVE_BUILD: 
Generated files D:/SignBridge/SignBridge-App/.alphabet-tools/executorch-armv8a/build-arm64-v8a/kernels/portable/portable_ops_lib/RegisterCodegenUnboxedKernelsEverything.cpp;D:/SignBridge/SignBridge-App/.alphabet-tools/executorch-armv8a/build-arm64-v8a/kernels/portable/portable_ops_lib/Functions.h;D:/SignBridge/SignBridge-App/.alphabet-tools/executorch-armv8a/build-arm64-v8a/kernels/portable/portable_ops_lib/NativeFunctions.h
-- Generating operator lib:
--   LIB_NAME: portable_ops_lib
--   KERNEL_LIBS: portable_kernels
--   DEPS: executorch_core
--   DTYPE_SELECTIVE_BUILD: 
-- The ASM compiler identification is Clang with GNU-like command-line
-- Found assembler: C:/Users/LENOVO/AppData/Local/Android/Sdk/ndk/27.1.12297006/toolchains/llvm/prebuilt/windows-x86_64/bin/clang.exe
-- Building for XNNPACK_TARGET_PROCESSOR: arm64
-- Generating microkernels.cmake
-- Looking for sys/mman.h
CMake Deprecation Warning at C:/Users/LENOVO/AppData/Local/Android/Sdk/ndk/27.1.12297006/build/cmake/android.toolchain.cmake:35 (cmake_minimum_required):
  Compatibility with CMake < 3.10 will be removed from a future version of
  CMake.

  Update the VERSION argument <min> value.  Or, use the <min>...<max> syntax
  to tell CMake that the project requires at least <min> but has been updated
  to work with policies introduced by <max> or earlier.
Call Stack (most recent call first):
  D:/SignBridge/SignBridge-App/.alphabet-tools/executorch-armv8a/build-arm64-v8a/CMakeFiles/3.31.6/CMakeSystem.cmake:6 (include)
  D:/SignBridge/SignBridge-App/.alphabet-tools/executorch-armv8a/build-arm64-v8a/CMakeFiles/CMakeScratch/TryCompile-6pe4k5/CMakeLists.txt:4 (project)


CMake Deprecation Warning at C:/Users/LENOVO/AppData/Local/Android/Sdk/ndk/27.1.12297006/build/cmake/android-legacy.toolchain.cmake:35 (cmake_minimum_required):
  Compatibility with CMake < 3.10 will be removed from a future version of
  CMake.

  Update the VERSION argument <min> value.  Or, use the <min>...<max> syntax
  to tell CMake that the project requires at least <min> but has been updated
  to work with policies introduced by <max> or earlier.
Call Stack (most recent call first):
  C:/Users/LENOVO/AppData/Local/Android/Sdk/ndk/27.1.12297006/build/cmake/android.toolchain.cmake:55 (include)
  D:/SignBridge/SignBridge-App/.alphabet-tools/executorch-armv8a/build-arm64-v8a/CMakeFiles/3.31.6/CMakeSystem.cmake:6 (include)
  D:/SignBridge/SignBridge-App/.alphabet-tools/executorch-armv8a/build-arm64-v8a/CMakeFiles/CMakeScratch/TryCompile-6pe4k5/CMakeLists.txt:4 (project)


CMake Deprecation Warning at C:/Users/LENOVO/AppData/Local/Android/Sdk/ndk/27.1.12297006/build/cmake/flags.cmake:18 (cmake_minimum_required):
  Compatibility with CMake < 3.10 will be removed from a future version of
  CMake.

  Update the VERSION argument <min> value.  Or, use the <min>...<max> syntax
  to tell CMake that the project requires at least <min> but has been updated
  to work with policies introduced by <max> or earlier.
Call Stack (most recent call first):
  D:/SignBridge/SignBridge-App/.alphabet-tools/executorch-armv8a/host-tools/cmake/data/share/cmake-3.31/Modules/Platform/Android-Clang.cmake:23 (include)
  D:/SignBridge/SignBridge-App/.alphabet-tools/executorch-armv8a/host-tools/cmake/data/share/cmake-3.31/Modules/Platform/Android-Clang-C.cmake:1 (include)
  D:/SignBridge/SignBridge-App/.alphabet-tools/executorch-armv8a/host-tools/cmake/data/share/cmake-3.31/Modules/CMakeCInformation.cmake:48 (include)
  D:/SignBridge/SignBridge-App/.alphabet-tools/executorch-armv8a/build-arm64-v8a/CMakeFiles/CMakeScratch/TryCompile-6pe4k5/CMakeLists.txt:4 (project)


-- Looking for sys/mman.h - found
-- --- Configured Options ---

-- BUILD_TESTING                               : OFF
-- CCACHE_PROGRAM                              : CCACHE_PROGRAM-NOTFOUND
-- CMAKE_BUILD_TYPE                            : Release
-- CMAKE_CXX_COMPILER_ID                       : Clang
-- CMAKE_CXX_STANDARD                          : 17
-- CMAKE_SYSTEM_PROCESSOR                      : aarch64
-- CMAKE_TOOLCHAIN_FILE                        : C:/Users/LENOVO/AppData/Local/Android/Sdk/ndk/27.1.12297006/build/cmake/android.toolchain.cmake
-- ET_ENABLE_VGF_INPUT_DUMP                    : OFF
-- EXECUTORCH_BUILD_ARM_BAREMETAL              : OFF
-- EXECUTORCH_BUILD_ARM_ETHOSU_LINUX           : OFF
-- EXECUTORCH_BUILD_CADENCE                    : OFF
-- EXECUTORCH_BUILD_CMSIS_NN_PYBINDS           : OFF
-- EXECUTORCH_BUILD_COREML                     : OFF
-- EXECUTORCH_BUILD_CORTEX_M                   : OFF
-- EXECUTORCH_BUILD_CPUINFO                    : ON
-- EXECUTORCH_BUILD_CUDA                       : OFF
-- EXECUTORCH_BUILD_DEVTOOLS                   : OFF
-- EXECUTORCH_BUILD_EXECUTOR_RUNNER            : OFF
-- EXECUTORCH_BUILD_EXTENSION_APPLE            : OFF
-- EXECUTORCH_BUILD_EXTENSION_ASR_RUNNER       : OFF
-- EXECUTORCH_BUILD_EXTENSION_DATA_LOADER      : ON
-- EXECUTORCH_BUILD_EXTENSION_EVALUE_UTIL      : ON
-- EXECUTORCH_BUILD_EXTENSION_FLAT_TENSOR      : ON
-- EXECUTORCH_BUILD_EXTENSION_IMAGE            : OFF
-- EXECUTORCH_BUILD_EXTENSION_LLM              : OFF
-- EXECUTORCH_BUILD_EXTENSION_LLM_APPLE        : OFF
-- EXECUTORCH_BUILD_EXTENSION_LLM_RUNNER       : OFF
-- EXECUTORCH_BUILD_EXTENSION_MODULE           : ON
-- EXECUTORCH_BUILD_EXTENSION_NAMED_DATA_MAP   : ON
-- EXECUTORCH_BUILD_EXTENSION_RUNNER_UTIL      : ON
-- EXECUTORCH_BUILD_EXTENSION_TENSOR           : ON
-- EXECUTORCH_BUILD_EXTENSION_TRAINING         : OFF
-- EXECUTORCH_BUILD_KERNELS_CUSTOM_AOT         : OFF
-- EXECUTORCH_BUILD_KERNELS_LLM                : OFF
-- EXECUTORCH_BUILD_KERNELS_LLM_AOT            : OFF
-- EXECUTORCH_BUILD_KERNELS_OPTIMIZED          : OFF
-- EXECUTORCH_BUILD_KERNELS_QUANTIZED          : OFF
-- EXECUTORCH_BUILD_KERNELS_QUANTIZED_AOT      : OFF
-- EXECUTORCH_BUILD_METAL                      : OFF
-- EXECUTORCH_BUILD_MLX                        : OFF
-- EXECUTORCH_BUILD_MPS                        : OFF
-- EXECUTORCH_BUILD_NEURON                     : OFF
-- EXECUTORCH_BUILD_NXP_NEUTRON                : OFF
-- EXECUTORCH_BUILD_NXP_NEUTRON_RUNNER         : OFF
-- EXECUTORCH_BUILD_OPENVINO                   : OFF
-- EXECUTORCH_BUILD_PORTABLE_OPS               : ON
-- EXECUTORCH_BUILD_PTHREADPOOL                : ON
-- EXECUTORCH_BUILD_PYBIND                     : OFF
-- EXECUTORCH_BUILD_QNN                        : OFF
-- EXECUTORCH_BUILD_SHARED                     : OFF
-- EXECUTORCH_BUILD_SIZE_TEST                  : OFF
-- EXECUTORCH_BUILD_TESTS                      : OFF
-- EXECUTORCH_BUILD_TOKENIZERS_WASM            : OFF
-- EXECUTORCH_BUILD_VGF                        : OFF
-- EXECUTORCH_BUILD_VULKAN                     : OFF
-- EXECUTORCH_BUILD_WASM                       : OFF
-- EXECUTORCH_BUILD_WEBGPU                     : OFF
-- EXECUTORCH_BUILD_WHEEL_DO_NOT_USE           : FALSE
-- EXECUTORCH_BUILD_XNNPACK                    : ON
-- EXECUTORCH_CADENCE_CPU_RUNNER               : OFF
-- EXECUTORCH_COREML_BUILD_EXECUTOR_RUNNER     : OFF
-- EXECUTORCH_ENABLE_BUNDLE_IO                 : OFF
-- EXECUTORCH_ENABLE_DTYPE_SELECTIVE_BUILD     : FALSE
-- EXECUTORCH_ENABLE_EVENT_TRACER              : OFF
-- EXECUTORCH_ENABLE_LOGGING                   : OFF
-- EXECUTORCH_ENABLE_PROGRAM_VERIFICATION      : OFF
-- EXECUTORCH_FLATBUFFERS_MAX_ALIGNMENT        : 1024
-- EXECUTORCH_LOG_LEVEL                        : Info
-- EXECUTORCH_METAL_COLLECT_STATS              : OFF
-- EXECUTORCH_NNLIB_OPT                        : OFF
-- EXECUTORCH_OPTIMIZE_SIZE                    : OFF
-- EXECUTORCH_PAL_DEFAULT                      : android
-- EXECUTORCH_PAL_DEFAULT_FILE_PATH            : D:/SignBridge/SignBridge-App/.alphabet-tools/executorch-armv8a/executorch/runtime/platform/default/android.cpp
-- EXECUTORCH_SELECT_OPS_LIST                  : 
-- EXECUTORCH_SELECT_OPS_MODEL                 : 
-- EXECUTORCH_SELECT_OPS_YAML                  : 
-- EXECUTORCH_THREADPOOL_USE_ALL_LOGICAL_CORES : OFF
-- EXECUTORCH_THREADPOOL_USE_PERFORMANCE_CORES : OFF
-- EXECUTORCH_USE_CPP_CODE_COVERAGE            : OFF
-- EXECUTORCH_USE_DL                           : ON
-- EXECUTORCH_USE_SANITIZER                    : OFF
-- EXECUTORCH_XNNPACK_ENABLE_KLEIDI            : OFF
-- EXECUTORCH_XNNPACK_ENABLE_WEIGHT_CACHE      : OFF
-- EXECUTORCH_XNNPACK_SHARED_WORKSPACE         : ON
-- PYTHON_EXECUTABLE                           : D:/SignBridge/SignBridge-App/.alphabet-tools/executorch-armv8a/venv/Scripts/python.exe
-- --------------------------
-- Configuring done (160.3s)
CMake Warning in backends/xnnpack/third-party/XNNPACK/CMakeLists.txt:
  The object file directory

    D:/SignBridge/SignBridge-App/.alphabet-tools/executorch-armv8a/build-arm64-v8a/backends/xnnpack/third-party/XNNPACK/CMakeFiles/xnnpack-microkernels-prod.dir/./

  has 159 characters.  The maximum full path to an object file is 250
  characters (see CMAKE_OBJECT_PATH_MAX).  Object file

    src/qd8-f16-qc8w-gemm/gen/qd8-f16-qc8w-gemm-4x16c4-minmax-asm-aarch64-neondotfp16arith-cortex-a55.S.o

  cannot be safely placed under this directory.  The build may not work
  correctly.


-- Generating done (1.4s)
-- Build files have been written to: D:/SignBridge/SignBridge-App/.alphabet-tools/executorch-armv8a/build-arm64-v8a
