Collecting litert-torch==0.9.4
  Downloading litert_torch-0.9.4-py3-none-any.whl.metadata (2.4 kB)
Collecting absl-py (from litert-torch==0.9.4)
  Downloading absl_py-2.5.0-py3-none-any.whl.metadata (3.3 kB)
Requirement already satisfied: numpy in .\.alphabet-tools\python\Lib\site-packages (from litert-torch==0.9.4) (2.1.3)
Collecting scipy (from litert-torch==0.9.4)
  Downloading scipy-1.17.1-cp311-cp311-win_amd64.whl.metadata (60 kB)
Collecting safetensors (from litert-torch==0.9.4)
  Downloading safetensors-0.8.0-cp310-abi3-win_amd64.whl.metadata (4.2 kB)
Collecting multipledispatch (from litert-torch==0.9.4)
  Downloading multipledispatch-1.0.0-py3-none-any.whl.metadata (3.8 kB)
Collecting transformers (from litert-torch==0.9.4)
  Downloading transformers-5.17.0-py3-none-any.whl.metadata (32 kB)
Collecting kagglehub (from litert-torch==0.9.4)
  Downloading kagglehub-1.0.2-py3-none-any.whl.metadata (40 kB)
Collecting tabulate (from litert-torch==0.9.4)
  Downloading tabulate-0.10.0-py3-none-any.whl.metadata (40 kB)
Requirement already satisfied: torch<2.14.0,>=2.4.0 in .\.alphabet-tools\python\Lib\site-packages (from litert-torch==0.9.4) (2.8.0+cpu)
Collecting ai-edge-litert<2.3.0,>=2.2.0 (from ai-edge-litert[model-utils]<2.3.0,>=2.2.0->litert-torch==0.9.4)
  Downloading ai_edge_litert-2.2.0-cp311-cp311-win_amd64.whl.metadata (2.4 kB)
Collecting ai-edge-quantizer==0.9.* (from litert-torch==0.9.4)
  Downloading ai_edge_quantizer-0.9.0-py3-none-any.whl.metadata (18 kB)
INFO: pip is looking at multiple versions of litert-torch to determine which version is compatible with other requirements. This could take a while.
ERROR: Ignored the following versions that require a different python version: 1.18.0 Requires-Python >=3.12; 1.18.0rc1 Requires-Python >=3.12; 1.18.0rc2 Requires-Python >=3.12; 1.18.1 Requires-Python >=3.12; 1.6.2 Requires-Python >=3.7,<3.10; 1.6.3 Requires-Python >=3.7,<3.10; 1.7.0 Requires-Python >=3.7,<3.10; 1.7.1 Requires-Python >=3.7,<3.10; 1.7.2 Requires-Python >=3.7,<3.11; 1.7.3 Requires-Python >=3.7,<3.11; 1.8.0 Requires-Python >=3.8,<3.11; 1.8.0rc1 Requires-Python >=3.8,<3.11; 1.8.0rc2 Requires-Python >=3.8,<3.11; 1.8.0rc3 Requires-Python >=3.8,<3.11; 1.8.0rc4 Requires-Python >=3.8,<3.11; 1.8.1 Requires-Python >=3.8,<3.11
ERROR: Could not find a version that satisfies the requirement litert-converter==0.4.* (from litert-torch) (from versions: none)
ERROR: No matching distribution found for litert-converter==0.4.*
