--------- beginning of crash
09-15 21:40:23.369  7409 13047 F libc    : Fatal signal 4 (SIGILL), code 1 (ILL_ILLOPC), fault addr 0x74b16eeeb0 in tid 13047 (mqt_v_native), pid 7409 (nmnghi.VOYA_App)
09-15 21:40:24.868 17419 17419 F DEBUG   : Softversion: PD2228JF_EX_A_14.2.9.2.W20.V000L1
09-15 21:40:24.868 17419 17419 F DEBUG   : Time: 2026-09-15 21:40:24
09-15 21:40:24.868 17419 17419 F DEBUG   : *** *** *** *** *** *** *** *** *** *** *** *** *** *** *** ***
09-15 21:40:24.868 17419 17419 F DEBUG   : Build fingerprint: 'vivo/V2206T/V2206:14/UP1A.231005.007/compiler06091008:user/release-keys'
09-15 21:40:24.868 17419 17419 F DEBUG   : Revision: '0'
09-15 21:40:24.868 17419 17419 F DEBUG   : ABI: 'arm64'
09-15 21:40:24.868 17419 17419 F DEBUG   : Timestamp: 2026-09-15 21:40:23.582948987+0700
09-15 21:40:24.868 17419 17419 F DEBUG   : Process uptime: 845s
09-15 21:40:24.868 17419 17419 F DEBUG   : Cmdline: com.nmnghi.VOYA_App
09-15 21:40:24.868 17419 17419 F DEBUG   : pid: 7409, tid: 13047, name: mqt_v_native  >>> com.nmnghi.VOYA_App <<<
09-15 21:40:24.868 17419 17419 F DEBUG   : uid: 10556
09-15 21:40:24.868 17419 17419 F DEBUG   : signal 4 (SIGILL), code 1 (ILL_ILLOPC), fault addr 0x00000074b16eeeb0
09-15 21:40:24.868 17419 17419 F DEBUG   :     x0  b400007ab012e590  x1  0000007bd5982cc4  x2  0000007bd5982cc4  x3  0000007897c26f88
09-15 21:40:24.868 17419 17419 F DEBUG   :     x4  0000000000000010  x5  00000078c0a6a742  x6  0000000000000000  x7  0000000000000000
09-15 21:40:24.868 17419 17419 F DEBUG   :     x8  b400007970210398  x9  000000000001d49e  x10 0000000000000020  x11 000000000000000a
09-15 21:40:24.868 17419 17419 F DEBUG   :     x12 0000007be45367f0  x13 0000000000000004  x14 0000000000000004  x15 0000000000000000
09-15 21:40:24.868 17419 17419 F DEBUG   :     x16 00000000ffffffff  x17 0000000000000000  x18 00000078978a0000  x19 b400007970210390
09-15 21:40:24.868 17419 17419 F DEBUG   :     x20 b400007ab012e590  x21 b400007ab012e5a0  x22 ffffffffffffffff  x23 0000000000000001
09-15 21:40:24.868 17419 17419 F DEBUG   :     x24 00000078a8a3e490  x25 0000007be4536819  x26 0000007897c27490  x27 0000007be4536819
09-15 21:40:24.868 17419 17419 F DEBUG   :     x28 0000007897c27310  x29 0000007897c271a0
09-15 21:40:24.868 17419 17419 F DEBUG   :     lr  00000074b16eea14  sp  0000007897c26fb0  pc  00000074b16eeeb0  pst 0000000020000000
09-15 21:40:24.868 17419 17419 F DEBUG   : 90 total frames
09-15 21:40:24.868 17419 17419 F DEBUG   : backtrace:
09-15 21:40:24.868 17419 17419 F DEBUG   :       #00 pc 00000000001c6eb0  /data/app/~~HCY4I6-rgIj1LEDFt2D0ow==/com.nmnghi.VOYA_App-OerMJq2cx-SSkeUznk7YOg==/base.apk!libexecutorch_jni.so (offset 0x1d5c000) (BuildId: 48d11ec5338cce6c3fe6dc125458740fa56af085)
09-15 21:40:24.868 17419 17419 F DEBUG   :       #01 pc 00000000001c5fd8  /data/app/~~HCY4I6-rgIj1LEDFt2D0ow==/com.nmnghi.VOYA_App-OerMJq2cx-SSkeUznk7YOg==/base.apk!libexecutorch_jni.so (offset 0x1d5c000) (BuildId: 48d11ec5338cce6c3fe6dc125458740fa56af085)
09-15 21:40:24.868 17419 17419 F DEBUG   :       #02 pc 00000000001c5ec0  /data/app/~~HCY4I6-rgIj1LEDFt2D0ow==/com.nmnghi.VOYA_App-OerMJq2cx-SSkeUznk7YOg==/base.apk!libexecutorch_jni.so (offset 0x1d5c000) (BuildId: 48d11ec5338cce6c3fe6dc125458740fa56af085)
09-15 21:40:24.868 17419 17419 F DEBUG   :       #03 pc 00000000002c23a0  /apex/com.android.art/lib64/libart.so (art_quick_generic_jni_trampoline+144) (BuildId: cecb684d19b4f44ee3cbd66142c315f4)
09-15 21:40:24.868 17419 17419 F DEBUG   :       #04 pc 00000000002aaf94  /apex/com.android.art/lib64/libart.so (art_quick_invoke_stub+612) (BuildId: cecb684d19b4f44ee3cbd66142c315f4)
09-15 21:40:24.868 17419 17419 F DEBUG   :       #05 pc 000000000087a868  /apex/com.android.art/lib64/libart.so (bool art::interpreter::DoCall<false>(art::ArtMethod*, art::Thread*, art::ShadowFrame&, art::Instruction const*, unsigned short, bool, art::JValue*)+1620) (BuildId: cecb684d19b4f44ee3cbd66142c315f4)
09-15 21:40:24.868 17419 17419 F DEBUG   :       #06 pc 00000000006fce54  /apex/com.android.art/lib64/libart.so (void art::interpreter::ExecuteSwitchImplCpp<false>(art::interpreter::SwitchImplContext*)+284) (BuildId: cecb684d19b4f44ee3cbd66142c315f4)
09-15 21:40:24.868 17419 17419 F DEBUG   :       #07 pc 00000000002fde48  /apex/com.android.art/lib64/libart.so (ExecuteSwitchImplAsm+8) (BuildId: cecb684d19b4f44ee3cbd66142c315f4)
09-15 21:40:24.868 17419 17419 F DEBUG   :       #08 pc 000000000045aaa4  [anon:dalvik-classes24.dex extrac...nmnghi.VOYA_App-OerMJq2cx-SSkeUznk7YOg==/base.apk] (org.pytorch.executorch.Module.execute+0)
09-15 21:40:24.868 17419 17419 F DEBUG   :       #09 pc 000000000087ab14  /apex/com.android.art/lib64/libart.so (bool art::interpreter::DoCall<false>(art::ArtMethod*, art::Thread*, art::ShadowFrame&, art::Instruction const*, unsigned short, bool, art::JValue*)+2304) (BuildId: cecb684d19b4f44ee3cbd66142c315f4)
09-15 21:40:24.868 17419 17419 F DEBUG   :       #10 pc 00000000006fcf7c  /apex/com.android.art/lib64/libart.so (void art::interpreter::ExecuteSwitchImplCpp<false>(art::interpreter::SwitchImplContext*)+580) (BuildId: cecb684d19b4f44ee3cbd66142c315f4)
09-15 21:40:24.868 17419 17419 F DEBUG   :       #11 pc 00000000002fde48  /apex/com.android.art/lib64/libart.so (ExecuteSwitchImplAsm+8) (BuildId: cecb684d19b4f44ee3cbd66142c315f4)
09-15 21:40:24.868 17419 17419 F DEBUG   :       #12 pc 000000000045ab44  [anon:dalvik-classes24.dex extrac...nmnghi.VOYA_App-OerMJq2cx-SSkeUznk7YOg==/base.apk] (org.pytorch.executorch.Module.forward+0)
09-15 21:40:24.868 17419 17419 F DEBUG   :       #13 pc 000000000087ab14  /apex/com.android.art/lib64/libart.so (bool art::interpreter::DoCall<false>(art::ArtMethod*, art::Thread*, art::ShadowFrame&, art::Instruction const*, unsigned short, bool, art::JValue*)+2304) (BuildId: cecb684d19b4f44ee3cbd66142c315f4)
09-15 21:40:24.868 17419 17419 F DEBUG   :       #14 pc 00000000006fcf7c  /apex/com.android.art/lib64/libart.so (void art::interpreter::ExecuteSwitchImplCpp<false>(art::interpreter::SwitchImplContext*)+580) (BuildId: cecb684d19b4f44ee3cbd66142c315f4)
09-15 21:40:24.868 17419 17419 F DEBUG   :       #15 pc 00000000002fde48  /apex/com.android.art/lib64/libart.so (ExecuteSwitchImplAsm+8) (BuildId: cecb684d19b4f44ee3cbd66142c315f4)
09-15 21:40:24.868 17419 17419 F DEBUG   :       #16 pc 0000000000001cf0  [anon:dalvik-classes21.dex extrac...nmnghi.VOYA_App-OerMJq2cx-SSkeUznk7YOg==/base.apk] (com.nmnghi.VOYA_App.alphabet.AlphabetRuntime.runExecuTorch+0)
09-15 21:40:24.868 17419 17419 F DEBUG   :       #17 pc 000000000087ab14  /apex/com.android.art/lib64/libart.so (bool art::interpreter::DoCall<false>(art::ArtMethod*, art::Thread*, art::ShadowFrame&, art::Instruction const*, unsigned short, bool, art::JValue*)+2304) (BuildId: cecb684d19b4f44ee3cbd66142c315f4)
09-15 21:40:24.868 17419 17419 F DEBUG   :       #18 pc 00000000006fce54  /apex/com.android.art/lib64/libart.so (void art::interpreter::ExecuteSwitchImplCpp<false>(art::interpreter::SwitchImplContext*)+284) (BuildId: cecb684d19b4f44ee3cbd66142c315f4)
09-15 21:40:24.868 17419 17419 F DEBUG   :       #19 pc 00000000002fde48  /apex/com.android.art/lib64/libart.so (ExecuteSwitchImplAsm+8) (BuildId: cecb684d19b4f44ee3cbd66142c315f4)
09-15 21:40:24.868 17419 17419 F DEBUG   :       #20 pc 0000000000002370  [anon:dalvik-classes21.dex extrac...nmnghi.VOYA_App-OerMJq2cx-SSkeUznk7YOg==/base.apk] (com.nmnghi.VOYA_App.alphabet.AlphabetRuntime.<init>+0)
09-15 21:40:24.868 17419 17419 F DEBUG   :       #21 pc 000000000087ab14  /apex/com.android.art/lib64/libart.so (bool art::interpreter::DoCall<false>(art::ArtMethod*, art::Thread*, art::ShadowFrame&, art::Instruction const*, unsigned short, bool, art::JValue*)+2304) (BuildId: cecb684d19b4f44ee3cbd66142c315f4)
09-15 21:40:24.868 17419 17419 F DEBUG   :       #22 pc 00000000006fce54  /apex/com.android.art/lib64/libart.so (void art::interpreter::ExecuteSwitchImplCpp<false>(art::interpreter::SwitchImplContext*)+284) (BuildId: cecb684d19b4f44ee3cbd66142c315f4)
09-15 21:40:24.869 17419 17419 F DEBUG   :       #23 pc 00000000002fde48  /apex/com.android.art/lib64/libart.so (ExecuteSwitchImplAsm+8) (BuildId: cecb684d19b4f44ee3cbd66142c315f4)
09-15 21:40:24.869 17419 17419 F DEBUG   :       #24 pc 0000000000002d98  [anon:dalvik-classes21.dex extrac...nmnghi.VOYA_App-OerMJq2cx-SSkeUznk7YOg==/base.apk] (com.nmnghi.VOYA_App.alphabet.AlphabetRuntime.<init>+0)
09-15 21:40:24.869 17419 17419 F DEBUG   :       #25 pc 000000000087ab14  /apex/com.android.art/lib64/libart.so (bool art::interpreter::DoCall<false>(art::ArtMethod*, art::Thread*, art::ShadowFrame&, art::Instruction const*, unsigned short, bool, art::JValue*)+2304) (BuildId: cecb684d19b4f44ee3cbd66142c315f4)
09-15 21:40:24.869 17419 17419 F DEBUG   :       #26 pc 00000000006fce54  /apex/com.android.art/lib64/libart.so (void art::interpreter::ExecuteSwitchImplCpp<false>(art::interpreter::SwitchImplContext*)+284) (BuildId: cecb684d19b4f44ee3cbd66142c315f4)
09-15 21:40:24.869 17419 17419 F DEBUG   :       #27 pc 00000000002fde48  /apex/com.android.art/lib64/libart.so (ExecuteSwitchImplAsm+8) (BuildId: cecb684d19b4f44ee3cbd66142c315f4)
09-15 21:40:24.869 17419 17419 F DEBUG   :       #28 pc 0000000000004d38  [anon:dalvik-classes18.dex extrac...nmnghi.VOYA_App-OerMJq2cx-SSkeUznk7YOg==/base.apk] (com.nmnghi.VOYA_App.HandLandmarksModule.ensureAlphabetRuntime+0)
09-15 21:40:24.869 17419 17419 F DEBUG   :       #29 pc 000000000087ab14  /apex/com.android.art/lib64/libart.so (bool art::interpreter::DoCall<false>(art::ArtMethod*, art::Thread*, art::ShadowFrame&, art::Instruction const*, unsigned short, bool, art::JValue*)+2304) (BuildId: cecb684d19b4f44ee3cbd66142c315f4)
09-15 21:40:24.869 17419 17419 F DEBUG   :       #30 pc 00000000006fce54  /apex/com.android.art/lib64/libart.so (void art::interpreter::ExecuteSwitchImplCpp<false>(art::interpreter::SwitchImplContext*)+284) (BuildId: cecb684d19b4f44ee3cbd66142c315f4)
09-15 21:40:24.869 17419 17419 F DEBUG   :       #31 pc 00000000002fde48  /apex/com.android.art/lib64/libart.so (ExecuteSwitchImplAsm+8) (BuildId: cecb684d19b4f44ee3cbd66142c315f4)
09-15 21:40:24.869 17419 17419 F DEBUG   :       #32 pc 00000000000059cc  [anon:dalvik-classes18.dex extrac...nmnghi.VOYA_App-OerMJq2cx-SSkeUznk7YOg==/base.apk] (com.nmnghi.VOYA_App.HandLandmarksModule.getTcnModelConfig+0)
09-15 21:40:24.869 17419 17419 F DEBUG   :       #33 pc 00000000002fda80  /apex/com.android.art/lib64/libart.so (art::interpreter::Execute(art::Thread*, art::CodeItemDataAccessor const&, art::ShadowFrame&, art::JValue, bool, bool) (.__uniq.112435418011751916792819755956732575238.llvm.8613519112829971472)+360) (BuildId: cecb684d19b4f44ee3cbd66142c315f4)
09-15 21:40:24.869 17419 17419 F DEBUG   :       #34 pc 00000000002fd404  /apex/com.android.art/lib64/libart.so (artQuickToInterpreterBridge+916) (BuildId: cecb684d19b4f44ee3cbd66142c315f4)
09-15 21:40:24.869 17419 17419 F DEBUG   :       #35 pc 00000000002c24d8  /apex/com.android.art/lib64/libart.so (art_quick_to_interpreter_bridge+88) (BuildId: cecb684d19b4f44ee3cbd66142c315f4)
09-15 21:40:24.869 17419 17419 F DEBUG   :       #36 pc 00000000002aaf94  /apex/com.android.art/lib64/libart.so (art_quick_invoke_stub+612) (BuildId: cecb684d19b4f44ee3cbd66142c315f4)
09-15 21:40:24.869 17419 17419 F DEBUG   :       #37 pc 0000000000294294  /apex/com.android.art/lib64/libart.so (art::JValue art::InvokeVirtualOrInterfaceWithJValues<art::ArtMethod*>(art::ScopedObjectAccessAlreadyRunnable const&, _jobject*, art::ArtMethod*, jvalue const*)+664) (BuildId: cecb684d19b4f44ee3cbd66142c315f4)
09-15 21:40:24.869 17419 17419 F DEBUG   :       #38 pc 00000000008cc088  /apex/com.android.art/lib64/libart.so (art::JNI<true>::CallVoidMethodA(_JNIEnv*, _jobject*, _jmethodID*, jvalue const*)+112) (BuildId: cecb684d19b4f44ee3cbd66142c315f4)
09-15 21:40:24.869 17419 17419 F DEBUG   :       #39 pc 000000000069cc90  /apex/com.android.art/lib64/libart.so (art::(anonymous namespace)::CheckJNI::CallMethodA(char const*, _JNIEnv*, _jobject*, _jclass*, _jmethodID*, jvalue const*, art::Primitive::Type, art::InvokeType) (.__uniq.99033978352804627313491551960229047428)+2384) (BuildId: cecb684d19b4f44ee3cbd66142c315f4)
09-15 21:40:24.869 17419 17419 F DEBUG   :       #40 pc 0000000000c3bf30  /data/app/~~HCY4I6-rgIj1LEDFt2D0ow==/com.nmnghi.VOYA_App-OerMJq2cx-SSkeUznk7YOg==/base.apk!libreactnative.so (offset 0x3c3c000) (_JNIEnv::CallVoidMethodA(_jobject*, _jmethodID*, jvalue const*)+52) (BuildId: 1695c17f23bd1ede)
09-15 21:40:24.869 17419 17419 F DEBUG   :       #41 pc 0000000000c59414  /data/app/~~HCY4I6-rgIj1LEDFt2D0ow==/com.nmnghi.VOYA_App-OerMJq2cx-SSkeUznk7YOg==/base.apk!libreactnative.so (offset 0x3c3c000) (BuildId: 1695c17f23bd1ede)
09-15 21:40:24.869 17419 17419 F DEBUG   :       #42 pc 0000000000c59340  /data/app/~~HCY4I6-rgIj1LEDFt2D0ow==/com.nmnghi.VOYA_App-OerMJq2cx-SSkeUznk7YOg==/base.apk!libreactnative.so (offset 0x3c3c000) (BuildId: 1695c17f23bd1ede)
09-15 21:40:24.869 17419 17419 F DEBUG   :       #43 pc 0000000000c592f8  /data/app/~~HCY4I6-rgIj1LEDFt2D0ow==/com.nmnghi.VOYA_App-OerMJq2cx-SSkeUznk7YOg==/base.apk!libreactnative.so (offset 0x3c3c000) (BuildId: 1695c17f23bd1ede)
09-15 21:40:24.869 17419 17419 F DEBUG   :       #44 pc 0000000000c592d4  /data/app/~~HCY4I6-rgIj1LEDFt2D0ow==/com.nmnghi.VOYA_App-OerMJq2cx-SSkeUznk7YOg==/base.apk!libreactnative.so (offset 0x3c3c000) (BuildId: 1695c17f23bd1ede)
09-15 21:40:24.869 17419 17419 F DEBUG   :       #45 pc 0000000000c5825c  /data/app/~~HCY4I6-rgIj1LEDFt2D0ow==/com.nmnghi.VOYA_App-OerMJq2cx-SSkeUznk7YOg==/base.apk!libreactnative.so (offset 0x3c3c000) (BuildId: 1695c17f23bd1ede)
09-15 21:40:24.869 17419 17419 F DEBUG   :       #46 pc 0000000000a62e08  /data/app/~~HCY4I6-rgIj1LEDFt2D0ow==/com.nmnghi.VOYA_App-OerMJq2cx-SSkeUznk7YOg==/base.apk!libreactnative.so (offset 0x3c3c000) (BuildId: 1695c17f23bd1ede)
09-15 21:40:24.869 17419 17419 F DEBUG   :       #47 pc 0000000000a62dcc  /data/app/~~HCY4I6-rgIj1LEDFt2D0ow==/com.nmnghi.VOYA_App-OerMJq2cx-SSkeUznk7YOg==/base.apk!libreactnative.so (offset 0x3c3c000) (BuildId: 1695c17f23bd1ede)
09-15 21:40:24.869 17419 17419 F DEBUG   :       #48 pc 0000000000ea1598  /data/app/~~HCY4I6-rgIj1LEDFt2D0ow==/com.nmnghi.VOYA_App-OerMJq2cx-SSkeUznk7YOg==/base.apk!libreactnative.so (offset 0x3c3c000) (BuildId: 1695c17f23bd1ede)
09-15 21:40:24.869 17419 17419 F DEBUG   :       #49 pc 0000000000ea153c  /data/app/~~HCY4I6-rgIj1LEDFt2D0ow==/com.nmnghi.VOYA_App-OerMJq2cx-SSkeUznk7YOg==/base.apk!libreactnative.so (offset 0x3c3c000) (BuildId: 1695c17f23bd1ede)
09-15 21:40:24.869 17419 17419 F DEBUG   :       #50 pc 0000000000ea14f4  /data/app/~~HCY4I6-rgIj1LEDFt2D0ow==/com.nmnghi.VOYA_App-OerMJq2cx-SSkeUznk7YOg==/base.apk!libreactnative.so (offset 0x3c3c000) (BuildId: 1695c17f23bd1ede)
09-15 21:40:24.869 17419 17419 F DEBUG   :       #51 pc 0000000000ea14d0  /data/app/~~HCY4I6-rgIj1LEDFt2D0ow==/com.nmnghi.VOYA_App-OerMJq2cx-SSkeUznk7YOg==/base.apk!libreactnative.so (offset 0x3c3c000) (BuildId: 1695c17f23bd1ede)
09-15 21:40:24.869 17419 17419 F DEBUG   :       #52 pc 0000000000ea063c  /data/app/~~HCY4I6-rgIj1LEDFt2D0ow==/com.nmnghi.VOYA_App-OerMJq2cx-SSkeUznk7YOg==/base.apk!libreactnative.so (offset 0x3c3c000) (BuildId: 1695c17f23bd1ede)
09-15 21:40:24.869 17419 17419 F DEBUG   :       #53 pc 0000000000017dd0  /data/app/~~HCY4I6-rgIj1LEDFt2D0ow==/com.nmnghi.VOYA_App-OerMJq2cx-SSkeUznk7YOg==/base.apk!libfbjni.so (offset 0x275c000) (facebook::jni::detail::MethodWrapper<void (facebook::jni::JNativeRunnable::*)(), &(facebook::jni::JNativeRunnable::run()), facebook::jni::JNativeRunnable, void>::dispatch(facebook::jni::alias_ref<facebook::jni::detail::JTypeFor<facebook::jni::HybridClass<facebook::jni::JNativeRunnable, facebook::jni::JRunnable>::JavaPart, facebook::jni::JRunnable, void>::_javaobject*>)+72) (BuildId: e438f6554af1d86b210a05412e96c4251e570157)
09-15 21:40:24.869 17419 17419 F DEBUG   :       #54 pc 0000000000017d10  /data/app/~~HCY4I6-rgIj1LEDFt2D0ow==/com.nmnghi.VOYA_App-OerMJq2cx-SSkeUznk7YOg==/base.apk!libfbjni.so (offset 0x275c000) (facebook::jni::detail::FunctionWrapper<void (*)(facebook::jni::alias_ref<facebook::jni::detail::JTypeFor<facebook::jni::HybridClass<facebook::jni::JNativeRunnable, facebook::jni::JRunnable>::JavaPart, facebook::jni::JRunnable, void>::_javaobject*>), facebook::jni::detail::JTypeFor<facebook::jni::HybridClass<facebook::jni::JNativeRunnable, facebook::jni::JRunnable>::JavaPart, facebook::jni::JRunnable, void>::_javaobject*, void>::call(_JNIEnv*, _jobject*, void (*)(facebook::jni::alias_ref<facebook::jni::detail::JTypeFor<facebook::jni::HybridClass<facebook::jni::JNativeRunnable, facebook::jni::JRunnable>::JavaPart, facebook::jni::JRunnable, void>::_javaobject*>))+60) (BuildId: e438f6554af1d86b210a05412e96c4251e570157)
09-15 21:40:24.869 17419 17419 F DEBUG   :       #55 pc 00000000002c23a0  /apex/com.android.art/lib64/libart.so (art_quick_generic_jni_trampoline+144) (BuildId: cecb684d19b4f44ee3cbd66142c315f4)
09-15 21:40:24.869 17419 17419 F DEBUG   :       #56 pc 00000000023545a0  /memfd:jit-cache (deleted) (offset 0x2000000) (android.os.Handler.handleCallback+144)
09-15 21:40:24.869 17419 17419 F DEBUG   :       #57 pc 00000000020772fc  /memfd:jit-cache (deleted) (offset 0x2000000) (android.os.Handler.dispatchMessage+140)
09-15 21:40:24.869 17419 17419 F DEBUG   :       #58 pc 00000000002aaf94  /apex/com.android.art/lib64/libart.so (art_quick_invoke_stub+612) (BuildId: cecb684d19b4f44ee3cbd66142c315f4)
09-15 21:40:24.869 17419 17419 F DEBUG   :       #59 pc 000000000087a868  /apex/com.android.art/lib64/libart.so (bool art::interpreter::DoCall<false>(art::ArtMethod*, art::Thread*, art::ShadowFrame&, art::Instruction const*, unsigned short, bool, art::JValue*)+1620) (BuildId: cecb684d19b4f44ee3cbd66142c315f4)
09-15 21:40:24.869 17419 17419 F DEBUG   :       #60 pc 00000000006fce54  /apex/com.android.art/lib64/libart.so (void art::interpreter::ExecuteSwitchImplCpp<false>(art::interpreter::SwitchImplContext*)+284) (BuildId: cecb684d19b4f44ee3cbd66142c315f4)
09-15 21:40:24.869 17419 17419 F DEBUG   :       #61 pc 00000000002fde48  /apex/com.android.art/lib64/libart.so (ExecuteSwitchImplAsm+8) (BuildId: cecb684d19b4f44ee3cbd66142c315f4)
09-15 21:40:24.869 17419 17419 F DEBUG   :       #62 pc 0000000000332424  [anon:dalvik-classes22.dex extrac...nmnghi.VOYA_App-OerMJq2cx-SSkeUznk7YOg==/base.apk] (com.facebook.react.bridge.queue.MessageQueueThreadHandler.dispatchMessage+0)
09-15 21:40:24.869 17419 17419 F DEBUG   :       #63 pc 00000000002fda80  /apex/com.android.art/lib64/libart.so (art::interpreter::Execute(art::Thread*, art::CodeItemDataAccessor const&, art::ShadowFrame&, art::JValue, bool, bool) (.__uniq.112435418011751916792819755956732575238.llvm.8613519112829971472)+360) (BuildId: cecb684d19b4f44ee3cbd66142c315f4)
09-15 21:40:24.869 17419 17419 F DEBUG   :       #64 pc 00000000002fd404  /apex/com.android.art/lib64/libart.so (artQuickToInterpreterBridge+916) (BuildId: cecb684d19b4f44ee3cbd66142c315f4)
09-15 21:40:24.869 17419 17419 F DEBUG   :       #65 pc 00000000002c24d8  /apex/com.android.art/lib64/libart.so (art_quick_to_interpreter_bridge+88) (BuildId: cecb684d19b4f44ee3cbd66142c315f4)
09-15 21:40:24.869 17419 17419 F DEBUG   :       #66 pc 0000000002075ff4  /memfd:jit-cache (deleted) (offset 0x2000000) (android.os.Looper.loopOnce+1300)
09-15 21:40:24.869 17419 17419 F DEBUG   :       #67 pc 0000000002074f78  /memfd:jit-cache (deleted) (offset 0x2000000) (android.os.Looper.loop+536)
09-15 21:40:24.869 17419 17419 F DEBUG   :       #68 pc 00000000002ab260  /apex/com.android.art/lib64/libart.so (art_quick_invoke_static_stub+640) (BuildId: cecb684d19b4f44ee3cbd66142c315f4)
09-15 21:40:24.869 17419 17419 F DEBUG   :       #69 pc 000000000087a970  /apex/com.android.art/lib64/libart.so (bool art::interpreter::DoCall<false>(art::ArtMethod*, art::Thread*, art::ShadowFrame&, art::Instruction const*, unsigned short, bool, art::JValue*)+1884) (BuildId: cecb684d19b4f44ee3cbd66142c315f4)
09-15 21:40:24.869 17419 17419 F DEBUG   :       #70 pc 00000000006fce54  /apex/com.android.art/lib64/libart.so (void art::interpreter::ExecuteSwitchImplCpp<false>(art::interpreter::SwitchImplContext*)+284) (BuildId: cecb684d19b4f44ee3cbd66142c315f4)
09-15 21:40:24.869 17419 17419 F DEBUG   :       #71 pc 00000000002fde48  /apex/com.android.art/lib64/libart.so (ExecuteSwitchImplAsm+8) (BuildId: cecb684d19b4f44ee3cbd66142c315f4)
09-15 21:40:24.869 17419 17419 F DEBUG   :       #72 pc 0000000000332784  [anon:dalvik-classes22.dex extrac...nmnghi.VOYA_App-OerMJq2cx-SSkeUznk7YOg==/base.apk] (com.facebook.react.bridge.queue.MessageQueueThreadImpl$Companion.startNewBackgroundThread$lambda$1+0)
09-15 21:40:24.869 17419 17419 F DEBUG   :       #73 pc 000000000087ab14  /apex/com.android.art/lib64/libart.so (bool art::interpreter::DoCall<false>(art::ArtMethod*, art::Thread*, art::ShadowFrame&, art::Instruction const*, unsigned short, bool, art::JValue*)+2304) (BuildId: cecb684d19b4f44ee3cbd66142c315f4)
09-15 21:40:24.869 17419 17419 F DEBUG   :       #74 pc 00000000006fce54  /apex/com.android.art/lib64/libart.so (void art::interpreter::ExecuteSwitchImplCpp<false>(art::interpreter::SwitchImplContext*)+284) (BuildId: cecb684d19b4f44ee3cbd66142c315f4)
09-15 21:40:24.869 17419 17419 F DEBUG   :       #75 pc 00000000002fde48  /apex/com.android.art/lib64/libart.so (ExecuteSwitchImplAsm+8) (BuildId: cecb684d19b4f44ee3cbd66142c315f4)
09-15 21:40:24.869 17419 17419 F DEBUG   :       #76 pc 00000000003326fc  [anon:dalvik-classes22.dex extrac...nmnghi.VOYA_App-OerMJq2cx-SSkeUznk7YOg==/base.apk] (com.facebook.react.bridge.queue.MessageQueueThreadImpl$Companion.$r8$lambda$ldnZnqelhYFctGaUKkOKYj5rxo4+0)
09-15 21:40:24.869 17419 17419 F DEBUG   :       #77 pc 000000000087ab14  /apex/com.android.art/lib64/libart.so (bool art::interpreter::DoCall<false>(art::ArtMethod*, art::Thread*, art::ShadowFrame&, art::Instruction const*, unsigned short, bool, art::JValue*)+2304) (BuildId: cecb684d19b4f44ee3cbd66142c315f4)
09-15 21:40:24.869 17419 17419 F DEBUG   :       #78 pc 00000000006fce54  /apex/com.android.art/lib64/libart.so (void art::interpreter::ExecuteSwitchImplCpp<false>(art::interpreter::SwitchImplContext*)+284) (BuildId: cecb684d19b4f44ee3cbd66142c315f4)
09-15 21:40:24.869 17419 17419 F DEBUG   :       #79 pc 00000000002fde48  /apex/com.android.art/lib64/libart.so (ExecuteSwitchImplAsm+8) (BuildId: cecb684d19b4f44ee3cbd66142c315f4)
09-15 21:40:24.869 17419 17419 F DEBUG   :       #80 pc 00000000003324fc  [anon:dalvik-classes22.dex extrac...nmnghi.VOYA_App-OerMJq2cx-SSkeUznk7YOg==/base.apk] (com.facebook.react.bridge.queue.MessageQueueThreadImpl$Companion$$ExternalSyntheticLambda0.run+0)
09-15 21:40:24.869 17419 17419 F DEBUG   :       #81 pc 00000000002fda80  /apex/com.android.art/lib64/libart.so (art::interpreter::Execute(art::Thread*, art::CodeItemDataAccessor const&, art::ShadowFrame&, art::JValue, bool, bool) (.__uniq.112435418011751916792819755956732575238.llvm.8613519112829971472)+360) (BuildId: cecb684d19b4f44ee3cbd66142c315f4)
09-15 21:40:24.869 17419 17419 F DEBUG   :       #82 pc 00000000002fd404  /apex/com.android.art/lib64/libart.so (artQuickToInterpreterBridge+916) (BuildId: cecb684d19b4f44ee3cbd66142c315f4)
09-15 21:40:24.869 17419 17419 F DEBUG   :       #83 pc 00000000002c24d8  /apex/com.android.art/lib64/libart.so (art_quick_to_interpreter_bridge+88) (BuildId: cecb684d19b4f44ee3cbd66142c315f4)
09-15 21:40:24.869 17419 17419 F DEBUG   :       #84 pc 0000000002003f44  /memfd:jit-cache (deleted) (offset 0x2000000) (java.lang.Thread.run+148)
09-15 21:40:24.869 17419 17419 F DEBUG   :       #85 pc 00000000002aaf94  /apex/com.android.art/lib64/libart.so (art_quick_invoke_stub+612) (BuildId: cecb684d19b4f44ee3cbd66142c315f4)
09-15 21:40:24.869 17419 17419 F DEBUG   :       #86 pc 00000000002a9268  /apex/com.android.art/lib64/libart.so (art::ArtMethod::Invoke(art::Thread*, unsigned int*, unsigned int, art::JValue*, char const*)+148) (BuildId: cecb684d19b4f44ee3cbd66142c315f4)
09-15 21:40:24.869 17419 17419 F DEBUG   :       #87 pc 00000000004e1a68  /apex/com.android.art/lib64/libart.so (art::Thread::CreateCallback(void*)+1384) (BuildId: cecb684d19b4f44ee3cbd66142c315f4)
09-15 21:40:24.869 17419 17419 F DEBUG   :       #88 pc 00000000000c5838  /apex/com.android.runtime/lib64/bionic/libc.so (__pthread_start(void*)+228) (BuildId: 5be2cee507482eaa099e1396d7c43ee3)
09-15 21:40:24.869 17419 17419 F DEBUG   :       #89 pc 000000000005efa8  /apex/com.android.runtime/lib64/bionic/libc.so (__start_thread+68) (BuildId: 5be2cee507482eaa099e1396d7c43ee3)
